../Core/Src/main.c:233:6:float_to_big_endian_bytes	24	static
../Core/Src/main.c:241:6:send_uart1_data_package	72	static
../Core/Src/main.c:278:6:HAL_UART_RxCpltCallback	16	static
../Core/Src/main.c:310:6:print_gps_debug_info	320	static
../Core/Src/main.c:325:6:check_uart_errors	24	static
../Core/Src/main.c:338:6:kalman_filter_init	24	static
../Core/Src/main.c:347:7:kalman_filter_update	40	static
../Core/Src/main.c:361:6:initialize_kalman_filters	8	static
../Core/Src/main.c:389:6:print_kalman_debug_info	416	static
../Core/Src/main.c:405:6:set_kalman_responsiveness	16	static
../Core/Src/main.c:420:6:is_device_stationary	32	static
../Core/Src/main.c:435:6:adjust_kalman_parameters	24	static
../Core/Src/main.c:475:5:main	56	static
../Core/Src/main.c:628:6:SystemClock_Config	72	static
../Core/Src/main.c:668:13:MX_I2C1_Init	8	static
../Core/Src/main.c:702:13:MX_SPI1_Init	8	static
../Core/Src/main.c:740:13:MX_TIM1_Init	40	static
../Core/Src/main.c:787:13:MX_USART1_UART_Init	8	static
../Core/Src/main.c:820:13:MX_USART2_UART_Init	8	static
../Core/Src/main.c:853:13:MX_USART3_UART_Init	8	static
../Core/Src/main.c:884:13:MX_DMA_Init	16	static
../Core/Src/main.c:902:13:MX_GPIO_Init	40	static
../Core/Src/main.c:932:6:initialize_sensors	16	static
../Core/Src/main.c:938:6:read_bme280_data	8	static
../Core/Src/main.c:945:6:read_accelerometer_data	32	static
../Core/Src/main.c:955:6:read_gyroscope_data	32	static
../Core/Src/main.c:965:6:mpu9250_read_data	24	static
../Core/Src/main.c:975:6:calculate_orientation	72	static
../Core/Src/main.c:1034:6:transmit_sensor_packet	280	dynamic
../Core/Src/main.c:1062:6:ParseTelemetryPacket	48	static
../Core/Src/main.c:1112:6:ProcessIncomingData	24	static
../Core/Src/main.c:1155:6:HAL_UART_TxCpltCallback	16	static
../Core/Src/main.c:1169:6:TimerCallback	4	static
../Core/Src/main.c:1179:6:HAL_TIM_PeriodElapsedCallback	16	static
../Core/Src/main.c:1186:6:UpdateStatusFromTelemetry	32	static
../Core/Src/main.c:1263:9:CalculateChecksum	24	static
../Core/Src/main.c:1275:6:SendStatusMessage	16	static
../Core/Src/main.c:1299:6:ApplyFiltering	4	static
../Core/Src/main.c:1321:7:GetFilteredValue	24	static
../Core/Src/main.c:1341:6:Error_Handler	4	static,ignoring_inline_asm
