07:13:27 **** Build of configuration Debug for project BMP280_calistirma ****
make -j8 all 
arm-none-eabi-gcc "../Drivers/STM32F1xx_HAL_Driver/Src/stm32f1xx_hal.c" -mcpu=cortex-m3 -std=gnu11 -g3 -DDEBUG -DUSE_HAL_DRIVER -DSTM32F103xB -c -I../Core/Inc -I../Drivers/STM32F1xx_HAL_Driver/Inc/Legacy -I../Drivers/STM32F1xx_HAL_Driver/Inc -I../Drivers/CMSIS/Device/ST/STM32F1xx/Include -I../Drivers/CMSIS/Include -O0 -ffunction-sections -fdata-sections -Wall -fstack-usage -fcyclomatic-complexity -MMD -MP -MF"Drivers/STM32F1xx_HAL_Driver/Src/stm32f1xx_hal.d" -MT"Drivers/STM32F1xx_HAL_Driver/Src/stm32f1xx_hal.o" --specs=nano.specs -mfloat-abi=soft -mthumb -o "Drivers/STM32F1xx_HAL_Driver/Src/stm32f1xx_hal.o"
arm-none-eabi-gcc "../Drivers/STM32F1xx_HAL_Driver/Src/stm32f1xx_hal_cortex.c" -mcpu=cortex-m3 -std=gnu11 -g3 -DDEBUG -DUSE_HAL_DRIVER -DSTM32F103xB -c -I../Core/Inc -I../Drivers/STM32F1xx_HAL_Driver/Inc/Legacy -I../Drivers/STM32F1xx_HAL_Driver/Inc -I../Drivers/CMSIS/Device/ST/STM32F1xx/Include -I../Drivers/CMSIS/Include -O0 -ffunction-sections -fdata-sections -Wall -fstack-usage -fcyclomatic-complexity -MMD -MP -MF"Drivers/STM32F1xx_HAL_Driver/Src/stm32f1xx_hal_cortex.d" -MT"Drivers/STM32F1xx_HAL_Driver/Src/stm32f1xx_hal_cortex.o" --specs=nano.specs -mfloat-abi=soft -mthumb -o "Drivers/STM32F1xx_HAL_Driver/Src/stm32f1xx_hal_cortex.o"
arm-none-eabi-gcc "../Drivers/STM32F1xx_HAL_Driver/Src/stm32f1xx_hal_dma.c" -mcpu=cortex-m3 -std=gnu11 -g3 -DDEBUG -DUSE_HAL_DRIVER -DSTM32F103xB -c -I../Core/Inc -I../Drivers/STM32F1xx_HAL_Driver/Inc/Legacy -I../Drivers/STM32F1xx_HAL_Driver/Inc -I../Drivers/CMSIS/Device/ST/STM32F1xx/Include -I../Drivers/CMSIS/Include -O0 -ffunction-sections -fdata-sections -Wall -fstack-usage -fcyclomatic-complexity -MMD -MP -MF"Drivers/STM32F1xx_HAL_Driver/Src/stm32f1xx_hal_dma.d" -MT"Drivers/STM32F1xx_HAL_Driver/Src/stm32f1xx_hal_dma.o" --specs=nano.specs -mfloat-abi=soft -mthumb -o "Drivers/STM32F1xx_HAL_Driver/Src/stm32f1xx_hal_dma.o"
arm-none-eabi-gcc "../Drivers/STM32F1xx_HAL_Driver/Src/stm32f1xx_hal_exti.c" -mcpu=cortex-m3 -std=gnu11 -g3 -DDEBUG -DUSE_HAL_DRIVER -DSTM32F103xB -c -I../Core/Inc -I../Drivers/STM32F1xx_HAL_Driver/Inc/Legacy -I../Drivers/STM32F1xx_HAL_Driver/Inc -I../Drivers/CMSIS/Device/ST/STM32F1xx/Include -I../Drivers/CMSIS/Include -O0 -ffunction-sections -fdata-sections -Wall -fstack-usage -fcyclomatic-complexity -MMD -MP -MF"Drivers/STM32F1xx_HAL_Driver/Src/stm32f1xx_hal_exti.d" -MT"Drivers/STM32F1xx_HAL_Driver/Src/stm32f1xx_hal_exti.o" --specs=nano.specs -mfloat-abi=soft -mthumb -o "Drivers/STM32F1xx_HAL_Driver/Src/stm32f1xx_hal_exti.o"
arm-none-eabi-gcc "../Drivers/STM32F1xx_HAL_Driver/Src/stm32f1xx_hal_flash.c" -mcpu=cortex-m3 -std=gnu11 -g3 -DDEBUG -DUSE_HAL_DRIVER -DSTM32F103xB -c -I../Core/Inc -I../Drivers/STM32F1xx_HAL_Driver/Inc/Legacy -I../Drivers/STM32F1xx_HAL_Driver/Inc -I../Drivers/CMSIS/Device/ST/STM32F1xx/Include -I../Drivers/CMSIS/Include -O0 -ffunction-sections -fdata-sections -Wall -fstack-usage -fcyclomatic-complexity -MMD -MP -MF"Drivers/STM32F1xx_HAL_Driver/Src/stm32f1xx_hal_flash.d" -MT"Drivers/STM32F1xx_HAL_Driver/Src/stm32f1xx_hal_flash.o" --specs=nano.specs -mfloat-abi=soft -mthumb -o "Drivers/STM32F1xx_HAL_Driver/Src/stm32f1xx_hal_flash.o"
arm-none-eabi-gcc "../Drivers/STM32F1xx_HAL_Driver/Src/stm32f1xx_hal_flash_ex.c" -mcpu=cortex-m3 -std=gnu11 -g3 -DDEBUG -DUSE_HAL_DRIVER -DSTM32F103xB -c -I../Core/Inc -I../Drivers/STM32F1xx_HAL_Driver/Inc/Legacy -I../Drivers/STM32F1xx_HAL_Driver/Inc -I../Drivers/CMSIS/Device/ST/STM32F1xx/Include -I../Drivers/CMSIS/Include -O0 -ffunction-sections -fdata-sections -Wall -fstack-usage -fcyclomatic-complexity -MMD -MP -MF"Drivers/STM32F1xx_HAL_Driver/Src/stm32f1xx_hal_flash_ex.d" -MT"Drivers/STM32F1xx_HAL_Driver/Src/stm32f1xx_hal_flash_ex.o" --specs=nano.specs -mfloat-abi=soft -mthumb -o "Drivers/STM32F1xx_HAL_Driver/Src/stm32f1xx_hal_flash_ex.o"
arm-none-eabi-gcc "../Drivers/STM32F1xx_HAL_Driver/Src/stm32f1xx_hal_gpio.c" -mcpu=cortex-m3 -std=gnu11 -g3 -DDEBUG -DUSE_HAL_DRIVER -DSTM32F103xB -c -I../Core/Inc -I../Drivers/STM32F1xx_HAL_Driver/Inc/Legacy -I../Drivers/STM32F1xx_HAL_Driver/Inc -I../Drivers/CMSIS/Device/ST/STM32F1xx/Include -I../Drivers/CMSIS/Include -O0 -ffunction-sections -fdata-sections -Wall -fstack-usage -fcyclomatic-complexity -MMD -MP -MF"Drivers/STM32F1xx_HAL_Driver/Src/stm32f1xx_hal_gpio.d" -MT"Drivers/STM32F1xx_HAL_Driver/Src/stm32f1xx_hal_gpio.o" --specs=nano.specs -mfloat-abi=soft -mthumb -o "Drivers/STM32F1xx_HAL_Driver/Src/stm32f1xx_hal_gpio.o"
arm-none-eabi-gcc "../Drivers/STM32F1xx_HAL_Driver/Src/stm32f1xx_hal_gpio_ex.c" -mcpu=cortex-m3 -std=gnu11 -g3 -DDEBUG -DUSE_HAL_DRIVER -DSTM32F103xB -c -I../Core/Inc -I../Drivers/STM32F1xx_HAL_Driver/Inc/Legacy -I../Drivers/STM32F1xx_HAL_Driver/Inc -I../Drivers/CMSIS/Device/ST/STM32F1xx/Include -I../Drivers/CMSIS/Include -O0 -ffunction-sections -fdata-sections -Wall -fstack-usage -fcyclomatic-complexity -MMD -MP -MF"Drivers/STM32F1xx_HAL_Driver/Src/stm32f1xx_hal_gpio_ex.d" -MT"Drivers/STM32F1xx_HAL_Driver/Src/stm32f1xx_hal_gpio_ex.o" --specs=nano.specs -mfloat-abi=soft -mthumb -o "Drivers/STM32F1xx_HAL_Driver/Src/stm32f1xx_hal_gpio_ex.o"
arm-none-eabi-gcc "../Drivers/STM32F1xx_HAL_Driver/Src/stm32f1xx_hal_pwr.c" -mcpu=cortex-m3 -std=gnu11 -g3 -DDEBUG -DUSE_HAL_DRIVER -DSTM32F103xB -c -I../Core/Inc -I../Drivers/STM32F1xx_HAL_Driver/Inc/Legacy -I../Drivers/STM32F1xx_HAL_Driver/Inc -I../Drivers/CMSIS/Device/ST/STM32F1xx/Include -I../Drivers/CMSIS/Include -O0 -ffunction-sections -fdata-sections -Wall -fstack-usage -fcyclomatic-complexity -MMD -MP -MF"Drivers/STM32F1xx_HAL_Driver/Src/stm32f1xx_hal_pwr.d" -MT"Drivers/STM32F1xx_HAL_Driver/Src/stm32f1xx_hal_pwr.o" --specs=nano.specs -mfloat-abi=soft -mthumb -o "Drivers/STM32F1xx_HAL_Driver/Src/stm32f1xx_hal_pwr.o"
arm-none-eabi-gcc "../Drivers/STM32F1xx_HAL_Driver/Src/stm32f1xx_hal_rcc.c" -mcpu=cortex-m3 -std=gnu11 -g3 -DDEBUG -DUSE_HAL_DRIVER -DSTM32F103xB -c -I../Core/Inc -I../Drivers/STM32F1xx_HAL_Driver/Inc/Legacy -I../Drivers/STM32F1xx_HAL_Driver/Inc -I../Drivers/CMSIS/Device/ST/STM32F1xx/Include -I../Drivers/CMSIS/Include -O0 -ffunction-sections -fdata-sections -Wall -fstack-usage -fcyclomatic-complexity -MMD -MP -MF"Drivers/STM32F1xx_HAL_Driver/Src/stm32f1xx_hal_rcc.d" -MT"Drivers/STM32F1xx_HAL_Driver/Src/stm32f1xx_hal_rcc.o" --specs=nano.specs -mfloat-abi=soft -mthumb -o "Drivers/STM32F1xx_HAL_Driver/Src/stm32f1xx_hal_rcc.o"
arm-none-eabi-gcc "../Drivers/STM32F1xx_HAL_Driver/Src/stm32f1xx_hal_rcc_ex.c" -mcpu=cortex-m3 -std=gnu11 -g3 -DDEBUG -DUSE_HAL_DRIVER -DSTM32F103xB -c -I../Core/Inc -I../Drivers/STM32F1xx_HAL_Driver/Inc/Legacy -I../Drivers/STM32F1xx_HAL_Driver/Inc -I../Drivers/CMSIS/Device/ST/STM32F1xx/Include -I../Drivers/CMSIS/Include -O0 -ffunction-sections -fdata-sections -Wall -fstack-usage -fcyclomatic-complexity -MMD -MP -MF"Drivers/STM32F1xx_HAL_Driver/Src/stm32f1xx_hal_rcc_ex.d" -MT"Drivers/STM32F1xx_HAL_Driver/Src/stm32f1xx_hal_rcc_ex.o" --specs=nano.specs -mfloat-abi=soft -mthumb -o "Drivers/STM32F1xx_HAL_Driver/Src/stm32f1xx_hal_rcc_ex.o"
arm-none-eabi-gcc -mcpu=cortex-m3 -g3 -DDEBUG -c -x assembler-with-cpp -MMD -MP -MF"Core/Startup/startup_stm32f103c8tx.d" -MT"Core/Startup/startup_stm32f103c8tx.o" --specs=nano.specs -mfloat-abi=soft -mthumb -o "Core/Startup/startup_stm32f103c8tx.o" "../Core/Startup/startup_stm32f103c8tx.s"
arm-none-eabi-gcc "../Core/Src/main.c" -mcpu=cortex-m3 -std=gnu11 -g3 -DDEBUG -DUSE_HAL_DRIVER -DSTM32F103xB -c -I../Core/Inc -I../Drivers/STM32F1xx_HAL_Driver/Inc/Legacy -I../Drivers/STM32F1xx_HAL_Driver/Inc -I../Drivers/CMSIS/Device/ST/STM32F1xx/Include -I../Drivers/CMSIS/Include -O0 -ffunction-sections -fdata-sections -Wall -fstack-usage -fcyclomatic-complexity -MMD -MP -MF"Core/Src/main.d" -MT"Core/Src/main.o" --specs=nano.specs -mfloat-abi=soft -mthumb -o "Core/Src/main.o"
arm-none-eabi-gcc "../Core/Src/stm32f1xx_hal_msp.c" -mcpu=cortex-m3 -std=gnu11 -g3 -DDEBUG -DUSE_HAL_DRIVER -DSTM32F103xB -c -I../Core/Inc -I../Drivers/STM32F1xx_HAL_Driver/Inc/Legacy -I../Drivers/STM32F1xx_HAL_Driver/Inc -I../Drivers/CMSIS/Device/ST/STM32F1xx/Include -I../Drivers/CMSIS/Include -O0 -ffunction-sections -fdata-sections -Wall -fstack-usage -fcyclomatic-complexity -MMD -MP -MF"Core/Src/stm32f1xx_hal_msp.d" -MT"Core/Src/stm32f1xx_hal_msp.o" --specs=nano.specs -mfloat-abi=soft -mthumb -o "Core/Src/stm32f1xx_hal_msp.o"
arm-none-eabi-gcc "../Core/Src/stm32f1xx_it.c" -mcpu=cortex-m3 -std=gnu11 -g3 -DDEBUG -DUSE_HAL_DRIVER -DSTM32F103xB -c -I../Core/Inc -I../Drivers/STM32F1xx_HAL_Driver/Inc/Legacy -I../Drivers/STM32F1xx_HAL_Driver/Inc -I../Drivers/CMSIS/Device/ST/STM32F1xx/Include -I../Drivers/CMSIS/Include -O0 -ffunction-sections -fdata-sections -Wall -fstack-usage -fcyclomatic-complexity -MMD -MP -MF"Core/Src/stm32f1xx_it.d" -MT"Core/Src/stm32f1xx_it.o" --specs=nano.specs -mfloat-abi=soft -mthumb -o "Core/Src/stm32f1xx_it.o"
arm-none-eabi-gcc "../Core/Src/syscalls.c" -mcpu=cortex-m3 -std=gnu11 -g3 -DDEBUG -DUSE_HAL_DRIVER -DSTM32F103xB -c -I../Core/Inc -I../Drivers/STM32F1xx_HAL_Driver/Inc/Legacy -I../Drivers/STM32F1xx_HAL_Driver/Inc -I../Drivers/CMSIS/Device/ST/STM32F1xx/Include -I../Drivers/CMSIS/Include -O0 -ffunction-sections -fdata-sections -Wall -fstack-usage -fcyclomatic-complexity -MMD -MP -MF"Core/Src/syscalls.d" -MT"Core/Src/syscalls.o" --specs=nano.specs -mfloat-abi=soft -mthumb -o "Core/Src/syscalls.o"
arm-none-eabi-gcc "../Core/Src/sysmem.c" -mcpu=cortex-m3 -std=gnu11 -g3 -DDEBUG -DUSE_HAL_DRIVER -DSTM32F103xB -c -I../Core/Inc -I../Drivers/STM32F1xx_HAL_Driver/Inc/Legacy -I../Drivers/STM32F1xx_HAL_Driver/Inc -I../Drivers/CMSIS/Device/ST/STM32F1xx/Include -I../Drivers/CMSIS/Include -O0 -ffunction-sections -fdata-sections -Wall -fstack-usage -fcyclomatic-complexity -MMD -MP -MF"Core/Src/sysmem.d" -MT"Core/Src/sysmem.o" --specs=nano.specs -mfloat-abi=soft -mthumb -o "Core/Src/sysmem.o"
arm-none-eabi-gcc "../Core/Src/system_stm32f1xx.c" -mcpu=cortex-m3 -std=gnu11 -g3 -DDEBUG -DUSE_HAL_DRIVER -DSTM32F103xB -c -I../Core/Inc -I../Drivers/STM32F1xx_HAL_Driver/Inc/Legacy -I../Drivers/STM32F1xx_HAL_Driver/Inc -I../Drivers/CMSIS/Device/ST/STM32F1xx/Include -I../Drivers/CMSIS/Include -O0 -ffunction-sections -fdata-sections -Wall -fstack-usage -fcyclomatic-complexity -MMD -MP -MF"Core/Src/system_stm32f1xx.d" -MT"Core/Src/system_stm32f1xx.o" --specs=nano.specs -mfloat-abi=soft -mthumb -o "Core/Src/system_stm32f1xx.o"
arm-none-eabi-g++ -o "BMP280_calistirma.elf" @"objects.list"   -mcpu=cortex-m3 -T"C:\Users\Gülerizm\Desktop\ali\STM32IDE\BMP280_calistirma\STM32F103C8TX_FLASH.ld" --specs=nosys.specs -Wl,-Map="BMP280_calistirma.map" -Wl,--gc-sections -static --specs=nano.specs -mfloat-abi=soft -mthumb -Wl,--start-group -lc -lm -lstdc++ -lsupc++ -Wl,--end-group
Finished building target: BMP280_calistirma.elf
 
arm-none-eabi-size  BMP280_calistirma.elf 
arm-none-eabi-objdump -h -S BMP280_calistirma.elf  > "BMP280_calistirma.list"
   text	   data	    bss	    dec	    hex	filename
   3512	     12	   1572	   5096	   13e8	BMP280_calistirma.elf
Finished building: default.size.stdout
 
Finished building: BMP280_calistirma.list
 
06:54:46 **** Build of configuration Debug for project BMP280_calistirma ****
make -j8 all 
arm-none-eabi-gcc "../Drivers/STM32F1xx_HAL_Driver/Src/stm32f1xx_hal.c" -mcpu=cortex-m3 -std=gnu11 -g3 -DDEBUG -DUSE_HAL_DRIVER -DSTM32F103xB -c -I../Core/Inc -I../Drivers/STM32F1xx_HAL_Driver/Inc/Legacy -I../Drivers/STM32F1xx_HAL_Driver/Inc -I../Drivers/CMSIS/Device/ST/STM32F1xx/Include -I../Drivers/CMSIS/Include -O0 -ffunction-sections -fdata-sections -Wall -fstack-usage -fcyclomatic-complexity -MMD -MP -MF"Drivers/STM32F1xx_HAL_Driver/Src/stm32f1xx_hal.d" -MT"Drivers/STM32F1xx_HAL_Driver/Src/stm32f1xx_hal.o" --specs=nano.specs -mfloat-abi=soft -mthumb -o "Drivers/STM32F1xx_HAL_Driver/Src/stm32f1xx_hal.o"
arm-none-eabi-gcc "../Drivers/STM32F1xx_HAL_Driver/Src/stm32f1xx_hal_cortex.c" -mcpu=cortex-m3 -std=gnu11 -g3 -DDEBUG -DUSE_HAL_DRIVER -DSTM32F103xB -c -I../Core/Inc -I../Drivers/STM32F1xx_HAL_Driver/Inc/Legacy -I../Drivers/STM32F1xx_HAL_Driver/Inc -I../Drivers/CMSIS/Device/ST/STM32F1xx/Include -I../Drivers/CMSIS/Include -O0 -ffunction-sections -fdata-sections -Wall -fstack-usage -fcyclomatic-complexity -MMD -MP -MF"Drivers/STM32F1xx_HAL_Driver/Src/stm32f1xx_hal_cortex.d" -MT"Drivers/STM32F1xx_HAL_Driver/Src/stm32f1xx_hal_cortex.o" --specs=nano.specs -mfloat-abi=soft -mthumb -o "Drivers/STM32F1xx_HAL_Driver/Src/stm32f1xx_hal_cortex.o"
arm-none-eabi-gcc "../Drivers/STM32F1xx_HAL_Driver/Src/stm32f1xx_hal_dma.c" -mcpu=cortex-m3 -std=gnu11 -g3 -DDEBUG -DUSE_HAL_DRIVER -DSTM32F103xB -c -I../Core/Inc -I../Drivers/STM32F1xx_HAL_Driver/Inc/Legacy -I../Drivers/STM32F1xx_HAL_Driver/Inc -I../Drivers/CMSIS/Device/ST/STM32F1xx/Include -I../Drivers/CMSIS/Include -O0 -ffunction-sections -fdata-sections -Wall -fstack-usage -fcyclomatic-complexity -MMD -MP -MF"Drivers/STM32F1xx_HAL_Driver/Src/stm32f1xx_hal_dma.d" -MT"Drivers/STM32F1xx_HAL_Driver/Src/stm32f1xx_hal_dma.o" --specs=nano.specs -mfloat-abi=soft -mthumb -o "Drivers/STM32F1xx_HAL_Driver/Src/stm32f1xx_hal_dma.o"
arm-none-eabi-gcc "../Drivers/STM32F1xx_HAL_Driver/Src/stm32f1xx_hal_exti.c" -mcpu=cortex-m3 -std=gnu11 -g3 -DDEBUG -DUSE_HAL_DRIVER -DSTM32F103xB -c -I../Core/Inc -I../Drivers/STM32F1xx_HAL_Driver/Inc/Legacy -I../Drivers/STM32F1xx_HAL_Driver/Inc -I../Drivers/CMSIS/Device/ST/STM32F1xx/Include -I../Drivers/CMSIS/Include -O0 -ffunction-sections -fdata-sections -Wall -fstack-usage -fcyclomatic-complexity -MMD -MP -MF"Drivers/STM32F1xx_HAL_Driver/Src/stm32f1xx_hal_exti.d" -MT"Drivers/STM32F1xx_HAL_Driver/Src/stm32f1xx_hal_exti.o" --specs=nano.specs -mfloat-abi=soft -mthumb -o "Drivers/STM32F1xx_HAL_Driver/Src/stm32f1xx_hal_exti.o"
arm-none-eabi-gcc "../Drivers/STM32F1xx_HAL_Driver/Src/stm32f1xx_hal_flash.c" -mcpu=cortex-m3 -std=gnu11 -g3 -DDEBUG -DUSE_HAL_DRIVER -DSTM32F103xB -c -I../Core/Inc -I../Drivers/STM32F1xx_HAL_Driver/Inc/Legacy -I../Drivers/STM32F1xx_HAL_Driver/Inc -I../Drivers/CMSIS/Device/ST/STM32F1xx/Include -I../Drivers/CMSIS/Include -O0 -ffunction-sections -fdata-sections -Wall -fstack-usage -fcyclomatic-complexity -MMD -MP -MF"Drivers/STM32F1xx_HAL_Driver/Src/stm32f1xx_hal_flash.d" -MT"Drivers/STM32F1xx_HAL_Driver/Src/stm32f1xx_hal_flash.o" --specs=nano.specs -mfloat-abi=soft -mthumb -o "Drivers/STM32F1xx_HAL_Driver/Src/stm32f1xx_hal_flash.o"
arm-none-eabi-gcc "../Drivers/STM32F1xx_HAL_Driver/Src/stm32f1xx_hal_flash_ex.c" -mcpu=cortex-m3 -std=gnu11 -g3 -DDEBUG -DUSE_HAL_DRIVER -DSTM32F103xB -c -I../Core/Inc -I../Drivers/STM32F1xx_HAL_Driver/Inc/Legacy -I../Drivers/STM32F1xx_HAL_Driver/Inc -I../Drivers/CMSIS/Device/ST/STM32F1xx/Include -I../Drivers/CMSIS/Include -O0 -ffunction-sections -fdata-sections -Wall -fstack-usage -fcyclomatic-complexity -MMD -MP -MF"Drivers/STM32F1xx_HAL_Driver/Src/stm32f1xx_hal_flash_ex.d" -MT"Drivers/STM32F1xx_HAL_Driver/Src/stm32f1xx_hal_flash_ex.o" --specs=nano.specs -mfloat-abi=soft -mthumb -o "Drivers/STM32F1xx_HAL_Driver/Src/stm32f1xx_hal_flash_ex.o"
arm-none-eabi-gcc "../Drivers/STM32F1xx_HAL_Driver/Src/stm32f1xx_hal_gpio.c" -mcpu=cortex-m3 -std=gnu11 -g3 -DDEBUG -DUSE_HAL_DRIVER -DSTM32F103xB -c -I../Core/Inc -I../Drivers/STM32F1xx_HAL_Driver/Inc/Legacy -I../Drivers/STM32F1xx_HAL_Driver/Inc -I../Drivers/CMSIS/Device/ST/STM32F1xx/Include -I../Drivers/CMSIS/Include -O0 -ffunction-sections -fdata-sections -Wall -fstack-usage -fcyclomatic-complexity -MMD -MP -MF"Drivers/STM32F1xx_HAL_Driver/Src/stm32f1xx_hal_gpio.d" -MT"Drivers/STM32F1xx_HAL_Driver/Src/stm32f1xx_hal_gpio.o" --specs=nano.specs -mfloat-abi=soft -mthumb -o "Drivers/STM32F1xx_HAL_Driver/Src/stm32f1xx_hal_gpio.o"
arm-none-eabi-gcc "../Drivers/STM32F1xx_HAL_Driver/Src/stm32f1xx_hal_gpio_ex.c" -mcpu=cortex-m3 -std=gnu11 -g3 -DDEBUG -DUSE_HAL_DRIVER -DSTM32F103xB -c -I../Core/Inc -I../Drivers/STM32F1xx_HAL_Driver/Inc/Legacy -I../Drivers/STM32F1xx_HAL_Driver/Inc -I../Drivers/CMSIS/Device/ST/STM32F1xx/Include -I../Drivers/CMSIS/Include -O0 -ffunction-sections -fdata-sections -Wall -fstack-usage -fcyclomatic-complexity -MMD -MP -MF"Drivers/STM32F1xx_HAL_Driver/Src/stm32f1xx_hal_gpio_ex.d" -MT"Drivers/STM32F1xx_HAL_Driver/Src/stm32f1xx_hal_gpio_ex.o" --specs=nano.specs -mfloat-abi=soft -mthumb -o "Drivers/STM32F1xx_HAL_Driver/Src/stm32f1xx_hal_gpio_ex.o"
arm-none-eabi-gcc "../Drivers/STM32F1xx_HAL_Driver/Src/stm32f1xx_hal_i2c.c" -mcpu=cortex-m3 -std=gnu11 -g3 -DDEBUG -DUSE_HAL_DRIVER -DSTM32F103xB -c -I../Core/Inc -I../Drivers/STM32F1xx_HAL_Driver/Inc/Legacy -I../Drivers/STM32F1xx_HAL_Driver/Inc -I../Drivers/CMSIS/Device/ST/STM32F1xx/Include -I../Drivers/CMSIS/Include -O0 -ffunction-sections -fdata-sections -Wall -fstack-usage -fcyclomatic-complexity -MMD -MP -MF"Drivers/STM32F1xx_HAL_Driver/Src/stm32f1xx_hal_i2c.d" -MT"Drivers/STM32F1xx_HAL_Driver/Src/stm32f1xx_hal_i2c.o" --specs=nano.specs -mfloat-abi=soft -mthumb -o "Drivers/STM32F1xx_HAL_Driver/Src/stm32f1xx_hal_i2c.o"
arm-none-eabi-gcc "../Drivers/STM32F1xx_HAL_Driver/Src/stm32f1xx_hal_pwr.c" -mcpu=cortex-m3 -std=gnu11 -g3 -DDEBUG -DUSE_HAL_DRIVER -DSTM32F103xB -c -I../Core/Inc -I../Drivers/STM32F1xx_HAL_Driver/Inc/Legacy -I../Drivers/STM32F1xx_HAL_Driver/Inc -I../Drivers/CMSIS/Device/ST/STM32F1xx/Include -I../Drivers/CMSIS/Include -O0 -ffunction-sections -fdata-sections -Wall -fstack-usage -fcyclomatic-complexity -MMD -MP -MF"Drivers/STM32F1xx_HAL_Driver/Src/stm32f1xx_hal_pwr.d" -MT"Drivers/STM32F1xx_HAL_Driver/Src/stm32f1xx_hal_pwr.o" --specs=nano.specs -mfloat-abi=soft -mthumb -o "Drivers/STM32F1xx_HAL_Driver/Src/stm32f1xx_hal_pwr.o"
arm-none-eabi-gcc "../Drivers/STM32F1xx_HAL_Driver/Src/stm32f1xx_hal_rcc.c" -mcpu=cortex-m3 -std=gnu11 -g3 -DDEBUG -DUSE_HAL_DRIVER -DSTM32F103xB -c -I../Core/Inc -I../Drivers/STM32F1xx_HAL_Driver/Inc/Legacy -I../Drivers/STM32F1xx_HAL_Driver/Inc -I../Drivers/CMSIS/Device/ST/STM32F1xx/Include -I../Drivers/CMSIS/Include -O0 -ffunction-sections -fdata-sections -Wall -fstack-usage -fcyclomatic-complexity -MMD -MP -MF"Drivers/STM32F1xx_HAL_Driver/Src/stm32f1xx_hal_rcc.d" -MT"Drivers/STM32F1xx_HAL_Driver/Src/stm32f1xx_hal_rcc.o" --specs=nano.specs -mfloat-abi=soft -mthumb -o "Drivers/STM32F1xx_HAL_Driver/Src/stm32f1xx_hal_rcc.o"
arm-none-eabi-gcc "../Drivers/STM32F1xx_HAL_Driver/Src/stm32f1xx_hal_rcc_ex.c" -mcpu=cortex-m3 -std=gnu11 -g3 -DDEBUG -DUSE_HAL_DRIVER -DSTM32F103xB -c -I../Core/Inc -I../Drivers/STM32F1xx_HAL_Driver/Inc/Legacy -I../Drivers/STM32F1xx_HAL_Driver/Inc -I../Drivers/CMSIS/Device/ST/STM32F1xx/Include -I../Drivers/CMSIS/Include -O0 -ffunction-sections -fdata-sections -Wall -fstack-usage -fcyclomatic-complexity -MMD -MP -MF"Drivers/STM32F1xx_HAL_Driver/Src/stm32f1xx_hal_rcc_ex.d" -MT"Drivers/STM32F1xx_HAL_Driver/Src/stm32f1xx_hal_rcc_ex.o" --specs=nano.specs -mfloat-abi=soft -mthumb -o "Drivers/STM32F1xx_HAL_Driver/Src/stm32f1xx_hal_rcc_ex.o"
arm-none-eabi-gcc "../Drivers/STM32F1xx_HAL_Driver/Src/stm32f1xx_hal_uart.c" -mcpu=cortex-m3 -std=gnu11 -g3 -DDEBUG -DUSE_HAL_DRIVER -DSTM32F103xB -c -I../Core/Inc -I../Drivers/STM32F1xx_HAL_Driver/Inc/Legacy -I../Drivers/STM32F1xx_HAL_Driver/Inc -I../Drivers/CMSIS/Device/ST/STM32F1xx/Include -I../Drivers/CMSIS/Include -O0 -ffunction-sections -fdata-sections -Wall -fstack-usage -fcyclomatic-complexity -MMD -MP -MF"Drivers/STM32F1xx_HAL_Driver/Src/stm32f1xx_hal_uart.d" -MT"Drivers/STM32F1xx_HAL_Driver/Src/stm32f1xx_hal_uart.o" --specs=nano.specs -mfloat-abi=soft -mthumb -o "Drivers/STM32F1xx_HAL_Driver/Src/stm32f1xx_hal_uart.o"
arm-none-eabi-gcc "../Core/Src/bmp280.c" -mcpu=cortex-m3 -std=gnu11 -g3 -DDEBUG -DUSE_HAL_DRIVER -DSTM32F103xB -c -I../Core/Inc -I../Drivers/STM32F1xx_HAL_Driver/Inc/Legacy -I../Drivers/STM32F1xx_HAL_Driver/Inc -I../Drivers/CMSIS/Device/ST/STM32F1xx/Include -I../Drivers/CMSIS/Include -O0 -ffunction-sections -fdata-sections -Wall -fstack-usage -fcyclomatic-complexity -MMD -MP -MF"Core/Src/bmp280.d" -MT"Core/Src/bmp280.o" --specs=nano.specs -mfloat-abi=soft -mthumb -o "Core/Src/bmp280.o"
arm-none-eabi-gcc "../Core/Src/main.c" -mcpu=cortex-m3 -std=gnu11 -g3 -DDEBUG -DUSE_HAL_DRIVER -DSTM32F103xB -c -I../Core/Inc -I../Drivers/STM32F1xx_HAL_Driver/Inc/Legacy -I../Drivers/STM32F1xx_HAL_Driver/Inc -I../Drivers/CMSIS/Device/ST/STM32F1xx/Include -I../Drivers/CMSIS/Include -O0 -ffunction-sections -fdata-sections -Wall -fstack-usage -fcyclomatic-complexity -MMD -MP -MF"Core/Src/main.d" -MT"Core/Src/main.o" --specs=nano.specs -mfloat-abi=soft -mthumb -o "Core/Src/main.o"
arm-none-eabi-gcc "../Core/Src/stm32f1xx_hal_msp.c" -mcpu=cortex-m3 -std=gnu11 -g3 -DDEBUG -DUSE_HAL_DRIVER -DSTM32F103xB -c -I../Core/Inc -I../Drivers/STM32F1xx_HAL_Driver/Inc/Legacy -I../Drivers/STM32F1xx_HAL_Driver/Inc -I../Drivers/CMSIS/Device/ST/STM32F1xx/Include -I../Drivers/CMSIS/Include -O0 -ffunction-sections -fdata-sections -Wall -fstack-usage -fcyclomatic-complexity -MMD -MP -MF"Core/Src/stm32f1xx_hal_msp.d" -MT"Core/Src/stm32f1xx_hal_msp.o" --specs=nano.specs -mfloat-abi=soft -mthumb -o "Core/Src/stm32f1xx_hal_msp.o"
../Core/Src/main.c:259:13: error: redefinition of 'MX_I2C1_Init'
  259 | static void MX_I2C1_Init(void) {
      |             ^~~~~~~~~~~~
../Core/Src/main.c:177:13: note: previous definition of 'MX_I2C1_Init' with type 'void(void)'
  177 | static void MX_I2C1_Init(void)
      |             ^~~~~~~~~~~~
../Core/Src/main.c:273:13: error: redefinition of 'MX_USART1_UART_Init'
  273 | static void MX_USART1_UART_Init(void) {
      |             ^~~~~~~~~~~~~~~~~~~
../Core/Src/main.c:211:13: note: previous definition of 'MX_USART1_UART_Init' with type 'void(void)'
  211 | static void MX_USART1_UART_Init(void)
      |             ^~~~~~~~~~~~~~~~~~~
../Core/Src/main.c:286:13: error: redefinition of 'MX_GPIO_Init'
  286 | static void MX_GPIO_Init(void) {
      |             ^~~~~~~~~~~~
../Core/Src/main.c:244:13: note: previous definition of 'MX_GPIO_Init' with type 'void(void)'
  244 | static void MX_GPIO_Init(void)
      |             ^~~~~~~~~~~~
../Core/Src/main.c: In function 'Send_Pressure_UART':
../Core/Src/main.c:322:22: warning: implicit declaration of function 'snprintf' [-Wimplicit-function-declaration]
  322 |         int length = snprintf(buffer, sizeof(buffer), "Pressure: %.2f Pa\r\n", pressure);
      |                      ^~~~~~~~
../Core/Src/main.c:21:1: note: include '<stdio.h>' or provide a declaration of 'snprintf'
   20 | #include "main.h"
  +++ |+#include <stdio.h>
   21 | 
../Core/Src/main.c:322:22: warning: incompatible implicit declaration of built-in function 'snprintf' [-Wbuiltin-declaration-mismatch]
  322 |         int length = snprintf(buffer, sizeof(buffer), "Pressure: %.2f Pa\r\n", pressure);
      |                      ^~~~~~~~
../Core/Src/main.c:322:22: note: include '<stdio.h>' or provide a declaration of 'snprintf'
../Core/Src/main.c: At top level:
../Core/Src/main.c:320:10: warning: 'Send_Pressure_UART' defined but not used [-Wunused-function]
  320 |     void Send_Pressure_UART(float pressure) {
      |          ^~~~~~~~~~~~~~~~~~
../Core/Src/main.c:312:11: warning: 'KalmanFilter' defined but not used [-Wunused-function]
  312 |     float KalmanFilter(float measurement) {
      |           ^~~~~~~~~~~~
../Core/Src/main.c:286:13: warning: 'MX_GPIO_Init' defined but not used [-Wunused-function]
  286 | static void MX_GPIO_Init(void) {
      |             ^~~~~~~~~~~~
../Core/Src/main.c:304:14: warning: 'BMP280_Read_Pressure' defined but not used [-Wunused-function]
  304 |     uint32_t BMP280_Read_Pressure() {
      |              ^~~~~~~~~~~~~~~~~~~~
../Core/Src/main.c:273:13: warning: 'MX_USART1_UART_Init' defined but not used [-Wunused-function]
  273 | static void MX_USART1_UART_Init(void) {
      |             ^~~~~~~~~~~~~~~~~~~
../Core/Src/main.c:259:13: warning: 'MX_I2C1_Init' defined but not used [-Wunused-function]
  259 | static void MX_I2C1_Init(void) {
      |             ^~~~~~~~~~~~
make: *** [Core/Src/subdir.mk:37: Core/Src/main.o] Error 1
make: *** Waiting for unfinished jobs....
"make -j8 all" terminated with exit code 2. Build might be incomplete.
06:57:34 **** Incremental Build of configuration Debug for project BMP280_calistirma ****
make -j8 all 
arm-none-eabi-gcc "../Core/Src/main.c" -mcpu=cortex-m3 -std=gnu11 -g3 -DDEBUG -DUSE_HAL_DRIVER -DSTM32F103xB -c -I../Core/Inc -I../Drivers/STM32F1xx_HAL_Driver/Inc/Legacy -I../Drivers/STM32F1xx_HAL_Driver/Inc -I../Drivers/CMSIS/Device/ST/STM32F1xx/Include -I../Drivers/CMSIS/Include -O0 -ffunction-sections -fdata-sections -Wall -fstack-usage -fcyclomatic-complexity -MMD -MP -MF"Core/Src/main.d" -MT"Core/Src/main.o" --specs=nano.specs -mfloat-abi=soft -mthumb -o "Core/Src/main.o"
arm-none-eabi-gcc "../Core/Src/stm32f1xx_it.c" -mcpu=cortex-m3 -std=gnu11 -g3 -DDEBUG -DUSE_HAL_DRIVER -DSTM32F103xB -c -I../Core/Inc -I../Drivers/STM32F1xx_HAL_Driver/Inc/Legacy -I../Drivers/STM32F1xx_HAL_Driver/Inc -I../Drivers/CMSIS/Device/ST/STM32F1xx/Include -I../Drivers/CMSIS/Include -O0 -ffunction-sections -fdata-sections -Wall -fstack-usage -fcyclomatic-complexity -MMD -MP -MF"Core/Src/stm32f1xx_it.d" -MT"Core/Src/stm32f1xx_it.o" --specs=nano.specs -mfloat-abi=soft -mthumb -o "Core/Src/stm32f1xx_it.o"
arm-none-eabi-gcc "../Core/Src/syscalls.c" -mcpu=cortex-m3 -std=gnu11 -g3 -DDEBUG -DUSE_HAL_DRIVER -DSTM32F103xB -c -I../Core/Inc -I../Drivers/STM32F1xx_HAL_Driver/Inc/Legacy -I../Drivers/STM32F1xx_HAL_Driver/Inc -I../Drivers/CMSIS/Device/ST/STM32F1xx/Include -I../Drivers/CMSIS/Include -O0 -ffunction-sections -fdata-sections -Wall -fstack-usage -fcyclomatic-complexity -MMD -MP -MF"Core/Src/syscalls.d" -MT"Core/Src/syscalls.o" --specs=nano.specs -mfloat-abi=soft -mthumb -o "Core/Src/syscalls.o"
arm-none-eabi-gcc "../Core/Src/sysmem.c" -mcpu=cortex-m3 -std=gnu11 -g3 -DDEBUG -DUSE_HAL_DRIVER -DSTM32F103xB -c -I../Core/Inc -I../Drivers/STM32F1xx_HAL_Driver/Inc/Legacy -I../Drivers/STM32F1xx_HAL_Driver/Inc -I../Drivers/CMSIS/Device/ST/STM32F1xx/Include -I../Drivers/CMSIS/Include -O0 -ffunction-sections -fdata-sections -Wall -fstack-usage -fcyclomatic-complexity -MMD -MP -MF"Core/Src/sysmem.d" -MT"Core/Src/sysmem.o" --specs=nano.specs -mfloat-abi=soft -mthumb -o "Core/Src/sysmem.o"
arm-none-eabi-gcc "../Core/Src/system_stm32f1xx.c" -mcpu=cortex-m3 -std=gnu11 -g3 -DDEBUG -DUSE_HAL_DRIVER -DSTM32F103xB -c -I../Core/Inc -I../Drivers/STM32F1xx_HAL_Driver/Inc/Legacy -I../Drivers/STM32F1xx_HAL_Driver/Inc -I../Drivers/CMSIS/Device/ST/STM32F1xx/Include -I../Drivers/CMSIS/Include -O0 -ffunction-sections -fdata-sections -Wall -fstack-usage -fcyclomatic-complexity -MMD -MP -MF"Core/Src/system_stm32f1xx.d" -MT"Core/Src/system_stm32f1xx.o" --specs=nano.specs -mfloat-abi=soft -mthumb -o "Core/Src/system_stm32f1xx.o"
../Core/Src/main.c:39: warning: "BMP280_ADDR" redefined
   39 | #define BMP280_ADDR 0x76 << 1  // BMP280 I2C adresi (SDO pini GND'ye bağlıysa)
      | 
In file included from ../Core/Src/main.c:25:
../Core/Inc/bmp280.h:14: note: this is the location of the previous definition
   14 | #define BMP280_ADDR (0x76 << 1)  // BMP280 I2C adresi (SDO pini GND'ye bağlıysa)
      | 
../Core/Src/main.c:69:6: error: conflicting types for 'Send_Pressure_UART'; have 'void(float)'
   69 | void Send_Pressure_UART(float pressure);
      |      ^~~~~~~~~~~~~~~~~~
../Core/Inc/bmp280.h:19:6: note: previous declaration of 'Send_Pressure_UART' with type 'void(UART_HandleTypeDef *, float)' {aka 'void(struct __UART_HandleTypeDef *, float)'}
   19 | void Send_Pressure_UART(UART_HandleTypeDef *huart, float pressure);
      |      ^~~~~~~~~~~~~~~~~~
../Core/Src/main.c: In function 'main':
../Core/Src/main.c:126:27: error: too few arguments to function 'BMP280_Read_Pressure'
  126 |   uint32_t raw_pressure = BMP280_Read_Pressure();
      |                           ^~~~~~~~~~~~~~~~~~~~
../Core/Inc/bmp280.h:17:10: note: declared here
   17 | uint32_t BMP280_Read_Pressure(I2C_HandleTypeDef *hi2c);
      |          ^~~~~~~~~~~~~~~~~~~~
../Core/Src/main.c: At top level:
../Core/Src/main.c:263:13: error: redefinition of 'MX_I2C1_Init'
  263 | static void MX_I2C1_Init(void) {
      |             ^~~~~~~~~~~~
../Core/Src/main.c:181:13: note: previous definition of 'MX_I2C1_Init' with type 'void(void)'
  181 | static void MX_I2C1_Init(void)
      |             ^~~~~~~~~~~~
../Core/Src/main.c:277:13: error: redefinition of 'MX_USART1_UART_Init'
  277 | static void MX_USART1_UART_Init(void) {
      |             ^~~~~~~~~~~~~~~~~~~
../Core/Src/main.c:215:13: note: previous definition of 'MX_USART1_UART_Init' with type 'void(void)'
  215 | static void MX_USART1_UART_Init(void)
      |             ^~~~~~~~~~~~~~~~~~~
../Core/Src/main.c:290:13: error: redefinition of 'MX_GPIO_Init'
  290 | static void MX_GPIO_Init(void) {
      |             ^~~~~~~~~~~~
../Core/Src/main.c:248:13: note: previous definition of 'MX_GPIO_Init' with type 'void(void)'
  248 | static void MX_GPIO_Init(void)
      |             ^~~~~~~~~~~~
../Core/Src/main.c:324:10: warning: 'Send_Pressure_UART' defined but not used [-Wunused-function]
  324 |     void Send_Pressure_UART(float pressure) {
      |          ^~~~~~~~~~~~~~~~~~
../Core/Src/main.c:316:11: warning: 'KalmanFilter' defined but not used [-Wunused-function]
  316 |     float KalmanFilter(float measurement) {
      |           ^~~~~~~~~~~~
../Core/Src/main.c:290:13: warning: 'MX_GPIO_Init' defined but not used [-Wunused-function]
  290 | static void MX_GPIO_Init(void) {
      |             ^~~~~~~~~~~~
../Core/Src/main.c:308:14: warning: 'BMP280_Read_Pressure' defined but not used [-Wunused-function]
  308 |     uint32_t BMP280_Read_Pressure() {
      |              ^~~~~~~~~~~~~~~~~~~~
../Core/Src/main.c:277:13: warning: 'MX_USART1_UART_Init' defined but not used [-Wunused-function]
  277 | static void MX_USART1_UART_Init(void) {
      |             ^~~~~~~~~~~~~~~~~~~
../Core/Src/main.c:263:13: warning: 'MX_I2C1_Init' defined but not used [-Wunused-function]
  263 | static void MX_I2C1_Init(void) {
      |             ^~~~~~~~~~~~
make: *** [Core/Src/subdir.mk:37: Core/Src/main.o] Error 1
make: *** Waiting for unfinished jobs....
"make -j8 all" terminated with exit code 2. Build might be incomplete.
07:25:06 **** Incremental Build of configuration Debug for project BMP280_calistirma ****
make -j8 all 
arm-none-eabi-gcc "../Core/Src/bmp280.c" -mcpu=cortex-m3 -std=gnu11 -g3 -DDEBUG -DUSE_HAL_DRIVER -DSTM32F103xB -c -I../Core/Inc -I../Drivers/STM32F1xx_HAL_Driver/Inc/Legacy -I../Drivers/STM32F1xx_HAL_Driver/Inc -I../Drivers/CMSIS/Device/ST/STM32F1xx/Include -I../Drivers/CMSIS/Include -O0 -ffunction-sections -fdata-sections -Wall -fstack-usage -fcyclomatic-complexity -MMD -MP -MF"Core/Src/bmp280.d" -MT"Core/Src/bmp280.o" --specs=nano.specs -mfloat-abi=soft -mthumb -o "Core/Src/bmp280.o"
arm-none-eabi-gcc "../Core/Src/main.c" -mcpu=cortex-m3 -std=gnu11 -g3 -DDEBUG -DUSE_HAL_DRIVER -DSTM32F103xB -c -I../Core/Inc -I../Drivers/STM32F1xx_HAL_Driver/Inc/Legacy -I../Drivers/STM32F1xx_HAL_Driver/Inc -I../Drivers/CMSIS/Device/ST/STM32F1xx/Include -I../Drivers/CMSIS/Include -O0 -ffunction-sections -fdata-sections -Wall -fstack-usage -fcyclomatic-complexity -MMD -MP -MF"Core/Src/main.d" -MT"Core/Src/main.o" --specs=nano.specs -mfloat-abi=soft -mthumb -o "Core/Src/main.o"
../Core/Src/bmp280.c: In function 'Send_Pressure_UART':
../Core/Src/bmp280.c:36:23: error: 'huart' undeclared (first use in this function)
   36 |     HAL_UART_Transmit(huart, (uint8_t*)buffer, length, HAL_MAX_DELAY);
      |                       ^~~~~
../Core/Src/bmp280.c:36:23: note: each undeclared identifier is reported only once for each function it appears in
../Core/Src/main.c:39: warning: "BMP280_ADDR" redefined
   39 | #define BMP280_ADDR 0x76 << 1  // BMP280 I2C adresi (SDO pini GND'ye bağlıysa)
      | 
In file included from ../Core/Src/main.c:25:
../Core/Inc/bmp280.h:14: note: this is the location of the previous definition
   14 | #define BMP280_ADDR (0x76 << 1)  // BMP280 I2C adresi (SDO pini GND'ye bağlıysa)
      | 
../Core/Src/main.c: In function 'main':
../Core/Src/main.c:128:22: error: incompatible type for argument 1 of 'Send_Pressure_UART'
  128 |   Send_Pressure_UART(&huart1, filtered_pressure);
      |                      ^~~~~~~
      |                      |
      |                      UART_HandleTypeDef * {aka struct __UART_HandleTypeDef *}
../Core/Inc/bmp280.h:19:32: note: expected 'float' but argument is of type 'UART_HandleTypeDef *' {aka 'struct __UART_HandleTypeDef *'}
   19 | void Send_Pressure_UART( float pressure);
      |                          ~~~~~~^~~~~~~~
../Core/Src/main.c:128:3: error: too many arguments to function 'Send_Pressure_UART'
  128 |   Send_Pressure_UART(&huart1, filtered_pressure);
      |   ^~~~~~~~~~~~~~~~~~
../Core/Src/main.c:69:6: note: declared here
   69 | void Send_Pressure_UART(float pressure);
      |      ^~~~~~~~~~~~~~~~~~
make: *** [Core/Src/subdir.mk:37: Core/Src/bmp280.o] Error 1
make: *** Waiting for unfinished jobs....
../Core/Src/main.c: At top level:
../Core/Src/main.c:263:13: error: redefinition of 'MX_I2C1_Init'
  263 | static void MX_I2C1_Init(void) {
      |             ^~~~~~~~~~~~
../Core/Src/main.c:181:13: note: previous definition of 'MX_I2C1_Init' with type 'void(void)'
  181 | static void MX_I2C1_Init(void)
      |             ^~~~~~~~~~~~
../Core/Src/main.c:277:13: error: redefinition of 'MX_USART1_UART_Init'
  277 | static void MX_USART1_UART_Init(void) {
      |             ^~~~~~~~~~~~~~~~~~~
../Core/Src/main.c:215:13: note: previous definition of 'MX_USART1_UART_Init' with type 'void(void)'
  215 | static void MX_USART1_UART_Init(void)
      |             ^~~~~~~~~~~~~~~~~~~
../Core/Src/main.c:290:13: error: redefinition of 'MX_GPIO_Init'
  290 | static void MX_GPIO_Init(void) {
      |             ^~~~~~~~~~~~
../Core/Src/main.c:248:13: note: previous definition of 'MX_GPIO_Init' with type 'void(void)'
  248 | static void MX_GPIO_Init(void)
      |             ^~~~~~~~~~~~
../Core/Src/main.c:324:10: warning: 'Send_Pressure_UART' defined but not used [-Wunused-function]
  324 |     void Send_Pressure_UART(float pressure) {
      |          ^~~~~~~~~~~~~~~~~~
../Core/Src/main.c:316:11: warning: 'KalmanFilter' defined but not used [-Wunused-function]
  316 |     float KalmanFilter(float measurement) {
      |           ^~~~~~~~~~~~
../Core/Src/main.c:290:13: warning: 'MX_GPIO_Init' defined but not used [-Wunused-function]
  290 | static void MX_GPIO_Init(void) {
      |             ^~~~~~~~~~~~
../Core/Src/main.c:308:14: warning: 'BMP280_Read_Pressure' defined but not used [-Wunused-function]
  308 |     uint32_t BMP280_Read_Pressure() {
      |              ^~~~~~~~~~~~~~~~~~~~
../Core/Src/main.c:277:13: warning: 'MX_USART1_UART_Init' defined but not used [-Wunused-function]
  277 | static void MX_USART1_UART_Init(void) {
      |             ^~~~~~~~~~~~~~~~~~~
../Core/Src/main.c:263:13: warning: 'MX_I2C1_Init' defined but not used [-Wunused-function]
  263 | static void MX_I2C1_Init(void) {
      |             ^~~~~~~~~~~~
make: *** [Core/Src/subdir.mk:37: Core/Src/main.o] Error 1
"make -j8 all" terminated with exit code 2. Build might be incomplete.
07:26:05 **** Incremental Build of configuration Debug for project BMP280_calistirma ****
make -j8 all 
arm-none-eabi-gcc "../Core/Src/bmp280.c" -mcpu=cortex-m3 -std=gnu11 -g3 -DDEBUG -DUSE_HAL_DRIVER -DSTM32F103xB -c -I../Core/Inc -I../Drivers/STM32F1xx_HAL_Driver/Inc/Legacy -I../Drivers/STM32F1xx_HAL_Driver/Inc -I../Drivers/CMSIS/Device/ST/STM32F1xx/Include -I../Drivers/CMSIS/Include -O0 -ffunction-sections -fdata-sections -Wall -fstack-usage -fcyclomatic-complexity -MMD -MP -MF"Core/Src/bmp280.d" -MT"Core/Src/bmp280.o" --specs=nano.specs -mfloat-abi=soft -mthumb -o "Core/Src/bmp280.o"
arm-none-eabi-gcc "../Core/Src/main.c" -mcpu=cortex-m3 -std=gnu11 -g3 -DDEBUG -DUSE_HAL_DRIVER -DSTM32F103xB -c -I../Core/Inc -I../Drivers/STM32F1xx_HAL_Driver/Inc/Legacy -I../Drivers/STM32F1xx_HAL_Driver/Inc -I../Drivers/CMSIS/Device/ST/STM32F1xx/Include -I../Drivers/CMSIS/Include -O0 -ffunction-sections -fdata-sections -Wall -fstack-usage -fcyclomatic-complexity -MMD -MP -MF"Core/Src/main.d" -MT"Core/Src/main.o" --specs=nano.specs -mfloat-abi=soft -mthumb -o "Core/Src/main.o"
../Core/Src/bmp280.c: In function 'Send_Pressure_UART':
../Core/Src/bmp280.c:36:24: error: 'huart1' undeclared (first use in this function)
   36 |     HAL_UART_Transmit(&huart1, (uint8_t*)buffer, length, HAL_MAX_DELAY);
      |                        ^~~~~~
../Core/Src/bmp280.c:36:24: note: each undeclared identifier is reported only once for each function it appears in
make: *** [Core/Src/subdir.mk:37: Core/Src/bmp280.o] Error 1
make: *** Waiting for unfinished jobs....
../Core/Src/main.c:39: warning: "BMP280_ADDR" redefined
   39 | #define BMP280_ADDR 0x76 << 1  // BMP280 I2C adresi (SDO pini GND'ye bağlıysa)
      | 
In file included from ../Core/Src/main.c:25:
../Core/Inc/bmp280.h:14: note: this is the location of the previous definition
   14 | #define BMP280_ADDR (0x76 << 1)  // BMP280 I2C adresi (SDO pini GND'ye bağlıysa)
      | 
../Core/Src/main.c: In function 'main':
../Core/Src/main.c:128:22: error: incompatible type for argument 1 of 'Send_Pressure_UART'
  128 |   Send_Pressure_UART(&huart1, filtered_pressure);
      |                      ^~~~~~~
      |                      |
      |                      UART_HandleTypeDef * {aka struct __UART_HandleTypeDef *}
../Core/Inc/bmp280.h:19:32: note: expected 'float' but argument is of type 'UART_HandleTypeDef *' {aka 'struct __UART_HandleTypeDef *'}
   19 | void Send_Pressure_UART( float pressure);
      |                          ~~~~~~^~~~~~~~
../Core/Src/main.c:128:3: error: too many arguments to function 'Send_Pressure_UART'
  128 |   Send_Pressure_UART(&huart1, filtered_pressure);
      |   ^~~~~~~~~~~~~~~~~~
../Core/Src/main.c:69:6: note: declared here
   69 | void Send_Pressure_UART(float pressure);
      |      ^~~~~~~~~~~~~~~~~~
../Core/Src/main.c: At top level:
../Core/Src/main.c:263:13: error: redefinition of 'MX_I2C1_Init'
  263 | static void MX_I2C1_Init(void) {
      |             ^~~~~~~~~~~~
../Core/Src/main.c:181:13: note: previous definition of 'MX_I2C1_Init' with type 'void(void)'
  181 | static void MX_I2C1_Init(void)
      |             ^~~~~~~~~~~~
../Core/Src/main.c:277:13: error: redefinition of 'MX_USART1_UART_Init'
  277 | static void MX_USART1_UART_Init(void) {
      |             ^~~~~~~~~~~~~~~~~~~
../Core/Src/main.c:215:13: note: previous definition of 'MX_USART1_UART_Init' with type 'void(void)'
  215 | static void MX_USART1_UART_Init(void)
      |             ^~~~~~~~~~~~~~~~~~~
../Core/Src/main.c:290:13: error: redefinition of 'MX_GPIO_Init'
  290 | static void MX_GPIO_Init(void) {
      |             ^~~~~~~~~~~~
../Core/Src/main.c:248:13: note: previous definition of 'MX_GPIO_Init' with type 'void(void)'
  248 | static void MX_GPIO_Init(void)
      |             ^~~~~~~~~~~~
../Core/Src/main.c:324:10: warning: 'Send_Pressure_UART' defined but not used [-Wunused-function]
  324 |     void Send_Pressure_UART(float pressure) {
      |          ^~~~~~~~~~~~~~~~~~
../Core/Src/main.c:316:11: warning: 'KalmanFilter' defined but not used [-Wunused-function]
  316 |     float KalmanFilter(float measurement) {
      |           ^~~~~~~~~~~~
../Core/Src/main.c:290:13: warning: 'MX_GPIO_Init' defined but not used [-Wunused-function]
  290 | static void MX_GPIO_Init(void) {
      |             ^~~~~~~~~~~~
../Core/Src/main.c:308:14: warning: 'BMP280_Read_Pressure' defined but not used [-Wunused-function]
  308 |     uint32_t BMP280_Read_Pressure() {
      |              ^~~~~~~~~~~~~~~~~~~~
../Core/Src/main.c:277:13: warning: 'MX_USART1_UART_Init' defined but not used [-Wunused-function]
  277 | static void MX_USART1_UART_Init(void) {
      |             ^~~~~~~~~~~~~~~~~~~
../Core/Src/main.c:263:13: warning: 'MX_I2C1_Init' defined but not used [-Wunused-function]
  263 | static void MX_I2C1_Init(void) {
      |             ^~~~~~~~~~~~
make: *** [Core/Src/subdir.mk:37: Core/Src/main.o] Error 1
"make -j8 all" terminated with exit code 2. Build might be incomplete.
07:27:21 **** Incremental Build of configuration Debug for project BMP280_calistirma ****
make -j8 all 
arm-none-eabi-gcc "../Core/Src/bmp280.c" -mcpu=cortex-m3 -std=gnu11 -g3 -DDEBUG -DUSE_HAL_DRIVER -DSTM32F103xB -c -I../Core/Inc -I../Drivers/STM32F1xx_HAL_Driver/Inc/Legacy -I../Drivers/STM32F1xx_HAL_Driver/Inc -I../Drivers/CMSIS/Device/ST/STM32F1xx/Include -I../Drivers/CMSIS/Include -O0 -ffunction-sections -fdata-sections -Wall -fstack-usage -fcyclomatic-complexity -MMD -MP -MF"Core/Src/bmp280.d" -MT"Core/Src/bmp280.o" --specs=nano.specs -mfloat-abi=soft -mthumb -o "Core/Src/bmp280.o"
arm-none-eabi-gcc "../Core/Src/main.c" -mcpu=cortex-m3 -std=gnu11 -g3 -DDEBUG -DUSE_HAL_DRIVER -DSTM32F103xB -c -I../Core/Inc -I../Drivers/STM32F1xx_HAL_Driver/Inc/Legacy -I../Drivers/STM32F1xx_HAL_Driver/Inc -I../Drivers/CMSIS/Device/ST/STM32F1xx/Include -I../Drivers/CMSIS/Include -O0 -ffunction-sections -fdata-sections -Wall -fstack-usage -fcyclomatic-complexity -MMD -MP -MF"Core/Src/main.d" -MT"Core/Src/main.o" --specs=nano.specs -mfloat-abi=soft -mthumb -o "Core/Src/main.o"
../Core/Src/main.c:39: warning: "BMP280_ADDR" redefined
   39 | #define BMP280_ADDR 0x76 << 1  // BMP280 I2C adresi (SDO pini GND'ye bağlıysa)
      | 
In file included from ../Core/Src/main.c:25:
../Core/Inc/bmp280.h:14: note: this is the location of the previous definition
   14 | #define BMP280_ADDR (0x76 << 1)  // BMP280 I2C adresi (SDO pini GND'ye bağlıysa)
      | 
../Core/Src/bmp280.c: In function 'Send_Pressure_UART':
../Core/Src/main.c:263:13: error: redefinition of 'MX_I2C1_Init'
  263 | static void MX_I2C1_Init(void) {
      |             ^~~~~~~~~~~~
../Core/Src/bmp280.c:36:23: warning: passing argument 1 of 'HAL_UART_Transmit' from incompatible pointer type [-Wincompatible-pointer-types]
   36 |     HAL_UART_Transmit((uint8_t*)buffer, length, HAL_MAX_DELAY);
      |                       ^~~~~~~~~~~~~~~~
      |                       |
      |                       uint8_t * {aka unsigned char *}
../Core/Src/main.c:181:13: note: previous definition of 'MX_I2C1_Init' with type 'void(void)'
  181 | static void MX_I2C1_Init(void)
      |             ^~~~~~~~~~~~
../Core/Src/main.c:277:13: error: redefinition of 'MX_USART1_UART_Init'
  277 | static void MX_USART1_UART_Init(void) {
      |             ^~~~~~~~~~~~~~~~~~~
../Core/Src/main.c:215:13: note: previous definition of 'MX_USART1_UART_Init' with type 'void(void)'
  215 | static void MX_USART1_UART_Init(void)
      |             ^~~~~~~~~~~~~~~~~~~
In file included from ../Core/Inc/stm32f1xx_hal_conf.h:338,
                 from ../Drivers/STM32F1xx_HAL_Driver/Inc/stm32f1xx_hal.h:29,
                 from ../Core/Inc/bmp280.h:11,
                 from ../Core/Src/bmp280.c:7:
../Drivers/STM32F1xx_HAL_Driver/Inc/stm32f1xx_hal_uart.h:749:57: note: expected 'UART_HandleTypeDef *' {aka 'struct __UART_HandleTypeDef *'} but argument is of type 'uint8_t *' {aka 'unsigned char *'}
  749 | HAL_StatusTypeDef HAL_UART_Transmit(UART_HandleTypeDef *huart, const uint8_t *pData, uint16_t Size, uint32_t Timeout);
      |                                     ~~~~~~~~~~~~~~~~~~~~^~~~~
../Core/Src/bmp280.c:36:41: warning: passing argument 2 of 'HAL_UART_Transmit' makes pointer from integer without a cast [-Wint-conversion]
   36 |     HAL_UART_Transmit((uint8_t*)buffer, length, HAL_MAX_DELAY);
      |                                         ^~~~~~
      |                                         |
      |                                         int
../Drivers/STM32F1xx_HAL_Driver/Inc/stm32f1xx_hal_uart.h:749:79: note: expected 'const uint8_t *' {aka 'const unsigned char *'} but argument is of type 'int'
  749 | HAL_StatusTypeDef HAL_UART_Transmit(UART_HandleTypeDef *huart, const uint8_t *pData, uint16_t Size, uint32_t Timeout);
      |                                                                ~~~~~~~~~~~~~~~^~~~~
../Core/Src/main.c:290:13: error: redefinition of 'MX_GPIO_Init'
  290 | static void MX_GPIO_Init(void) {
      |             ^~~~~~~~~~~~
../Core/Src/main.c:248:13: note: previous definition of 'MX_GPIO_Init' with type 'void(void)'
  248 | static void MX_GPIO_Init(void)
      |             ^~~~~~~~~~~~
In file included from ../Drivers/STM32F1xx_HAL_Driver/Inc/stm32f1xx_hal_rcc.h:27,
                 from ../Core/Inc/stm32f1xx_hal_conf.h:238:
../Drivers/STM32F1xx_HAL_Driver/Inc/stm32f1xx_hal_def.h:56:28: warning: conversion from 'unsigned int' to 'uint16_t' {aka 'short unsigned int'} changes value from '4294967295' to '65535' [-Woverflow]
   56 | #define HAL_MAX_DELAY      0xFFFFFFFFU
      |                            ^~~~~~~~~~~
../Core/Src/bmp280.c:36:49: note: in expansion of macro 'HAL_MAX_DELAY'
   36 |     HAL_UART_Transmit((uint8_t*)buffer, length, HAL_MAX_DELAY);
      |                                                 ^~~~~~~~~~~~~
../Core/Src/main.c:324:10: warning: 'Send_Pressure_UART' defined but not used [-Wunused-function]
  324 |     void Send_Pressure_UART(float pressure) {
      |          ^~~~~~~~~~~~~~~~~~
../Core/Src/bmp280.c:36:5: error: too few arguments to function 'HAL_UART_Transmit'
   36 |     HAL_UART_Transmit((uint8_t*)buffer, length, HAL_MAX_DELAY);
      |     ^~~~~~~~~~~~~~~~~
../Drivers/STM32F1xx_HAL_Driver/Inc/stm32f1xx_hal_uart.h:749:19: note: declared here
  749 | HAL_StatusTypeDef HAL_UART_Transmit(UART_HandleTypeDef *huart, const uint8_t *pData, uint16_t Size, uint32_t Timeout);
      |                   ^~~~~~~~~~~~~~~~~
../Core/Src/main.c:316:11: warning: 'KalmanFilter' defined but not used [-Wunused-function]
  316 |     float KalmanFilter(float measurement) {
      |           ^~~~~~~~~~~~
../Core/Src/main.c:290:13: warning: 'MX_GPIO_Init' defined but not used [-Wunused-function]
  290 | static void MX_GPIO_Init(void) {
      |             ^~~~~~~~~~~~
../Core/Src/main.c:308:14: warning: 'BMP280_Read_Pressure' defined but not used [-Wunused-function]
  308 |     uint32_t BMP280_Read_Pressure() {
      |              ^~~~~~~~~~~~~~~~~~~~
../Core/Src/main.c:277:13: warning: 'MX_USART1_UART_Init' defined but not used [-Wunused-function]
  277 | static void MX_USART1_UART_Init(void) {
      |             ^~~~~~~~~~~~~~~~~~~
../Core/Src/main.c:263:13: warning: 'MX_I2C1_Init' defined but not used [-Wunused-function]
  263 | static void MX_I2C1_Init(void) {
      |             ^~~~~~~~~~~~
make: *** [Core/Src/subdir.mk:37: Core/Src/bmp280.o] Error 1
make: *** Waiting for unfinished jobs....
make: *** [Core/Src/subdir.mk:37: Core/Src/main.o] Error 1
"make -j8 all" terminated with exit code 2. Build might be incomplete.
07:28:11 **** Incremental Build of configuration Debug for project BMP280_calistirma ****
make -j8 all 
arm-none-eabi-gcc "../Core/Src/bmp280.c" -mcpu=cortex-m3 -std=gnu11 -g3 -DDEBUG -DUSE_HAL_DRIVER -DSTM32F103xB -c -I../Core/Inc -I../Drivers/STM32F1xx_HAL_Driver/Inc/Legacy -I../Drivers/STM32F1xx_HAL_Driver/Inc -I../Drivers/CMSIS/Device/ST/STM32F1xx/Include -I../Drivers/CMSIS/Include -O0 -ffunction-sections -fdata-sections -Wall -fstack-usage -fcyclomatic-complexity -MMD -MP -MF"Core/Src/bmp280.d" -MT"Core/Src/bmp280.o" --specs=nano.specs -mfloat-abi=soft -mthumb -o "Core/Src/bmp280.o"
arm-none-eabi-gcc "../Core/Src/main.c" -mcpu=cortex-m3 -std=gnu11 -g3 -DDEBUG -DUSE_HAL_DRIVER -DSTM32F103xB -c -I../Core/Inc -I../Drivers/STM32F1xx_HAL_Driver/Inc/Legacy -I../Drivers/STM32F1xx_HAL_Driver/Inc -I../Drivers/CMSIS/Device/ST/STM32F1xx/Include -I../Drivers/CMSIS/Include -O0 -ffunction-sections -fdata-sections -Wall -fstack-usage -fcyclomatic-complexity -MMD -MP -MF"Core/Src/main.d" -MT"Core/Src/main.o" --specs=nano.specs -mfloat-abi=soft -mthumb -o "Core/Src/main.o"
../Core/Src/bmp280.c: In function 'Send_Pressure_UART':
../Core/Src/bmp280.c:36:24: error: 'huart1' undeclared (first use in this function)
   36 |     HAL_UART_Transmit(&huart1, (uint8_t*)buffer, length, HAL_MAX_DELAY);
      |                        ^~~~~~
../Core/Src/bmp280.c:36:24: note: each undeclared identifier is reported only once for each function it appears in
make: *** [Core/Src/subdir.mk:37: Core/Src/bmp280.o] Error 1
make: *** Waiting for unfinished jobs....
../Core/Src/main.c:39: warning: "BMP280_ADDR" redefined
   39 | #define BMP280_ADDR 0x76 << 1  // BMP280 I2C adresi (SDO pini GND'ye bağlıysa)
      | 
In file included from ../Core/Src/main.c:25:
../Core/Inc/bmp280.h:14: note: this is the location of the previous definition
   14 | #define BMP280_ADDR (0x76 << 1)  // BMP280 I2C adresi (SDO pini GND'ye bağlıysa)
      | 
../Core/Src/main.c:263:13: error: redefinition of 'MX_I2C1_Init'
  263 | static void MX_I2C1_Init(void) {
      |             ^~~~~~~~~~~~
../Core/Src/main.c:181:13: note: previous definition of 'MX_I2C1_Init' with type 'void(void)'
  181 | static void MX_I2C1_Init(void)
      |             ^~~~~~~~~~~~
../Core/Src/main.c:277:13: error: redefinition of 'MX_USART1_UART_Init'
  277 | static void MX_USART1_UART_Init(void) {
      |             ^~~~~~~~~~~~~~~~~~~
../Core/Src/main.c:215:13: note: previous definition of 'MX_USART1_UART_Init' with type 'void(void)'
  215 | static void MX_USART1_UART_Init(void)
      |             ^~~~~~~~~~~~~~~~~~~
../Core/Src/main.c:290:13: error: redefinition of 'MX_GPIO_Init'
  290 | static void MX_GPIO_Init(void) {
      |             ^~~~~~~~~~~~
../Core/Src/main.c:248:13: note: previous definition of 'MX_GPIO_Init' with type 'void(void)'
  248 | static void MX_GPIO_Init(void)
      |             ^~~~~~~~~~~~
../Core/Src/main.c:324:10: warning: 'Send_Pressure_UART' defined but not used [-Wunused-function]
  324 |     void Send_Pressure_UART(float pressure) {
      |          ^~~~~~~~~~~~~~~~~~
../Core/Src/main.c:316:11: warning: 'KalmanFilter' defined but not used [-Wunused-function]
  316 |     float KalmanFilter(float measurement) {
      |           ^~~~~~~~~~~~
../Core/Src/main.c:290:13: warning: 'MX_GPIO_Init' defined but not used [-Wunused-function]
  290 | static void MX_GPIO_Init(void) {
      |             ^~~~~~~~~~~~
../Core/Src/main.c:308:14: warning: 'BMP280_Read_Pressure' defined but not used [-Wunused-function]
  308 |     uint32_t BMP280_Read_Pressure() {
      |              ^~~~~~~~~~~~~~~~~~~~
../Core/Src/main.c:277:13: warning: 'MX_USART1_UART_Init' defined but not used [-Wunused-function]
  277 | static void MX_USART1_UART_Init(void) {
      |             ^~~~~~~~~~~~~~~~~~~
../Core/Src/main.c:263:13: warning: 'MX_I2C1_Init' defined but not used [-Wunused-function]
  263 | static void MX_I2C1_Init(void) {
      |             ^~~~~~~~~~~~
make: *** [Core/Src/subdir.mk:37: Core/Src/main.o] Error 1
"make -j8 all" terminated with exit code 2. Build might be incomplete.
07:30:42 **** Incremental Build of configuration Debug for project BMP280_calistirma ****
make -j8 all 
arm-none-eabi-gcc "../Core/Src/bmp280.c" -mcpu=cortex-m3 -std=gnu11 -g3 -DDEBUG -DUSE_HAL_DRIVER -DSTM32F103xB -c -I../Core/Inc -I../Drivers/STM32F1xx_HAL_Driver/Inc/Legacy -I../Drivers/STM32F1xx_HAL_Driver/Inc -I../Drivers/CMSIS/Device/ST/STM32F1xx/Include -I../Drivers/CMSIS/Include -O0 -ffunction-sections -fdata-sections -Wall -fstack-usage -fcyclomatic-complexity -MMD -MP -MF"Core/Src/bmp280.d" -MT"Core/Src/bmp280.o" --specs=nano.specs -mfloat-abi=soft -mthumb -o "Core/Src/bmp280.o"
arm-none-eabi-gcc "../Core/Src/main.c" -mcpu=cortex-m3 -std=gnu11 -g3 -DDEBUG -DUSE_HAL_DRIVER -DSTM32F103xB -c -I../Core/Inc -I../Drivers/STM32F1xx_HAL_Driver/Inc/Legacy -I../Drivers/STM32F1xx_HAL_Driver/Inc -I../Drivers/CMSIS/Device/ST/STM32F1xx/Include -I../Drivers/CMSIS/Include -O0 -ffunction-sections -fdata-sections -Wall -fstack-usage -fcyclomatic-complexity -MMD -MP -MF"Core/Src/main.d" -MT"Core/Src/main.o" --specs=nano.specs -mfloat-abi=soft -mthumb -o "Core/Src/main.o"
../Core/Src/bmp280.c:33:6: error: conflicting types for 'Send_Pressure_UART'; have 'void(UART_HandleTypeDef *, float)' {aka 'void(struct __UART_HandleTypeDef *, float)'}
   33 | void Send_Pressure_UART(UART_HandleTypeDef *huart1, float pressure) {
      |      ^~~~~~~~~~~~~~~~~~
In file included from ../Core/Src/bmp280.c:7:
../Core/Inc/bmp280.h:19:6: note: previous declaration of 'Send_Pressure_UART' with type 'void(float)'
   19 | void Send_Pressure_UART( float pressure);
      |      ^~~~~~~~~~~~~~~~~~
../Core/Src/bmp280.c: In function 'Send_Pressure_UART':
../Core/Src/bmp280.c:36:23: warning: passing argument 1 of 'HAL_UART_Transmit' from incompatible pointer type [-Wincompatible-pointer-types]
   36 |     HAL_UART_Transmit(&huart1, (uint8_t*)buffer, length, HAL_MAX_DELAY);
      |                       ^~~~~~~
      |                       |
      |                       UART_HandleTypeDef ** {aka struct __UART_HandleTypeDef **}
In file included from ../Core/Inc/stm32f1xx_hal_conf.h:338,
                 from ../Drivers/STM32F1xx_HAL_Driver/Inc/stm32f1xx_hal.h:29,
                 from ../Core/Inc/bmp280.h:11:
../Drivers/STM32F1xx_HAL_Driver/Inc/stm32f1xx_hal_uart.h:749:57: note: expected 'UART_HandleTypeDef *' {aka 'struct __UART_HandleTypeDef *'} but argument is of type 'UART_HandleTypeDef **' {aka 'struct __UART_HandleTypeDef **'}
  749 | HAL_StatusTypeDef HAL_UART_Transmit(UART_HandleTypeDef *huart, const uint8_t *pData, uint16_t Size, uint32_t Timeout);
      |                                     ~~~~~~~~~~~~~~~~~~~~^~~~~
../Core/Src/main.c:39: warning: "BMP280_ADDR" redefined
   39 | #define BMP280_ADDR 0x76 << 1  // BMP280 I2C adresi (SDO pini GND'ye bağlıysa)
      | 
In file included from ../Core/Src/main.c:25:
../Core/Inc/bmp280.h:14: note: this is the location of the previous definition
   14 | #define BMP280_ADDR (0x76 << 1)  // BMP280 I2C adresi (SDO pini GND'ye bağlıysa)
      | 
../Core/Src/main.c:263:13: error: redefinition of 'MX_I2C1_Init'
  263 | static void MX_I2C1_Init(void) {
      |             ^~~~~~~~~~~~
../Core/Src/main.c:181:13: note: previous definition of 'MX_I2C1_Init' with type 'void(void)'
  181 | static void MX_I2C1_Init(void)
      |             ^~~~~~~~~~~~
../Core/Src/main.c:277:13: error: redefinition of 'MX_USART1_UART_Init'
  277 | static void MX_USART1_UART_Init(void) {
      |             ^~~~~~~~~~~~~~~~~~~
../Core/Src/main.c:215:13: note: previous definition of 'MX_USART1_UART_Init' with type 'void(void)'
  215 | static void MX_USART1_UART_Init(void)
      |             ^~~~~~~~~~~~~~~~~~~
../Core/Src/main.c:290:13: error: redefinition of 'MX_GPIO_Init'
  290 | static void MX_GPIO_Init(void) {
      |             ^~~~~~~~~~~~
../Core/Src/main.c:248:13: note: previous definition of 'MX_GPIO_Init' with type 'void(void)'
  248 | static void MX_GPIO_Init(void)
      |             ^~~~~~~~~~~~
make: *** [Core/Src/subdir.mk:37: Core/Src/bmp280.o] Error 1
../Core/Src/main.c:324:10: warning: 'Send_Pressure_UART' defined but not used [-Wunused-function]
  324 |     void Send_Pressure_UART(float pressure) {
      |          ^~~~~~~~~~~~~~~~~~
../Core/Src/main.c:316:11: warning: 'KalmanFilter' defined but not used [-Wunused-function]
  316 |     float KalmanFilter(float measurement) {
      |           ^~~~~~~~~~~~
make: *** Waiting for unfinished jobs....
../Core/Src/main.c:290:13: warning: 'MX_GPIO_Init' defined but not used [-Wunused-function]
  290 | static void MX_GPIO_Init(void) {
      |             ^~~~~~~~~~~~
../Core/Src/main.c:308:14: warning: 'BMP280_Read_Pressure' defined but not used [-Wunused-function]
  308 |     uint32_t BMP280_Read_Pressure() {
      |              ^~~~~~~~~~~~~~~~~~~~
../Core/Src/main.c:277:13: warning: 'MX_USART1_UART_Init' defined but not used [-Wunused-function]
  277 | static void MX_USART1_UART_Init(void) {
      |             ^~~~~~~~~~~~~~~~~~~
../Core/Src/main.c:263:13: warning: 'MX_I2C1_Init' defined but not used [-Wunused-function]
  263 | static void MX_I2C1_Init(void) {
      |             ^~~~~~~~~~~~
make: *** [Core/Src/subdir.mk:37: Core/Src/main.o] Error 1
"make -j8 all" terminated with exit code 2. Build might be incomplete.
07:32:18 **** Incremental Build of configuration Debug for project BMP280_calistirma ****
make -j8 all 
arm-none-eabi-gcc "../Core/Src/bmp280.c" -mcpu=cortex-m3 -std=gnu11 -g3 -DDEBUG -DUSE_HAL_DRIVER -DSTM32F103xB -c -I../Core/Inc -I../Drivers/STM32F1xx_HAL_Driver/Inc/Legacy -I../Drivers/STM32F1xx_HAL_Driver/Inc -I../Drivers/CMSIS/Device/ST/STM32F1xx/Include -I../Drivers/CMSIS/Include -O0 -ffunction-sections -fdata-sections -Wall -fstack-usage -fcyclomatic-complexity -MMD -MP -MF"Core/Src/bmp280.d" -MT"Core/Src/bmp280.o" --specs=nano.specs -mfloat-abi=soft -mthumb -o "Core/Src/bmp280.o"
arm-none-eabi-gcc "../Core/Src/main.c" -mcpu=cortex-m3 -std=gnu11 -g3 -DDEBUG -DUSE_HAL_DRIVER -DSTM32F103xB -c -I../Core/Inc -I../Drivers/STM32F1xx_HAL_Driver/Inc/Legacy -I../Drivers/STM32F1xx_HAL_Driver/Inc -I../Drivers/CMSIS/Device/ST/STM32F1xx/Include -I../Drivers/CMSIS/Include -O0 -ffunction-sections -fdata-sections -Wall -fstack-usage -fcyclomatic-complexity -MMD -MP -MF"Core/Src/main.d" -MT"Core/Src/main.o" --specs=nano.specs -mfloat-abi=soft -mthumb -o "Core/Src/main.o"
../Core/Src/bmp280.c:33:6: error: conflicting types for 'Send_Pressure_UART'; have 'void(UART_HandleTypeDef *, float)' {aka 'void(struct __UART_HandleTypeDef *, float)'}
   33 | void Send_Pressure_UART(UART_HandleTypeDef *huart, float pressure) {
      |      ^~~~~~~~~~~~~~~~~~
In file included from ../Core/Src/bmp280.c:7:
../Core/Inc/bmp280.h:19:6: note: previous declaration of 'Send_Pressure_UART' with type 'void(float)'
   19 | void Send_Pressure_UART( float pressure);
      |      ^~~~~~~~~~~~~~~~~~
make: *** [Core/Src/subdir.mk:37: Core/Src/bmp280.o] Error 1
make: *** Waiting for unfinished jobs....
../Core/Src/main.c:39: warning: "BMP280_ADDR" redefined
   39 | #define BMP280_ADDR 0x76 << 1  // BMP280 I2C adresi (SDO pini GND'ye bağlıysa)
      | 
In file included from ../Core/Src/main.c:25:
../Core/Inc/bmp280.h:14: note: this is the location of the previous definition
   14 | #define BMP280_ADDR (0x76 << 1)  // BMP280 I2C adresi (SDO pini GND'ye bağlıysa)
      | 
../Core/Src/main.c:263:13: error: redefinition of 'MX_I2C1_Init'
  263 | static void MX_I2C1_Init(void) {
      |             ^~~~~~~~~~~~
../Core/Src/main.c:181:13: note: previous definition of 'MX_I2C1_Init' with type 'void(void)'
  181 | static void MX_I2C1_Init(void)
      |             ^~~~~~~~~~~~
../Core/Src/main.c:277:13: error: redefinition of 'MX_USART1_UART_Init'
  277 | static void MX_USART1_UART_Init(void) {
      |             ^~~~~~~~~~~~~~~~~~~
../Core/Src/main.c:215:13: note: previous definition of 'MX_USART1_UART_Init' with type 'void(void)'
  215 | static void MX_USART1_UART_Init(void)
      |             ^~~~~~~~~~~~~~~~~~~
../Core/Src/main.c:290:13: error: redefinition of 'MX_GPIO_Init'
  290 | static void MX_GPIO_Init(void) {
      |             ^~~~~~~~~~~~
../Core/Src/main.c:248:13: note: previous definition of 'MX_GPIO_Init' with type 'void(void)'
  248 | static void MX_GPIO_Init(void)
      |             ^~~~~~~~~~~~
../Core/Src/main.c:324:10: warning: 'Send_Pressure_UART' defined but not used [-Wunused-function]
  324 |     void Send_Pressure_UART(float pressure) {
      |          ^~~~~~~~~~~~~~~~~~
../Core/Src/main.c:316:11: warning: 'KalmanFilter' defined but not used [-Wunused-function]
  316 |     float KalmanFilter(float measurement) {
      |           ^~~~~~~~~~~~
../Core/Src/main.c:290:13: warning: 'MX_GPIO_Init' defined but not used [-Wunused-function]
  290 | static void MX_GPIO_Init(void) {
      |             ^~~~~~~~~~~~
../Core/Src/main.c:308:14: warning: 'BMP280_Read_Pressure' defined but not used [-Wunused-function]
  308 |     uint32_t BMP280_Read_Pressure() {
      |              ^~~~~~~~~~~~~~~~~~~~
../Core/Src/main.c:277:13: warning: 'MX_USART1_UART_Init' defined but not used [-Wunused-function]
  277 | static void MX_USART1_UART_Init(void) {
      |             ^~~~~~~~~~~~~~~~~~~
../Core/Src/main.c:263:13: warning: 'MX_I2C1_Init' defined but not used [-Wunused-function]
  263 | static void MX_I2C1_Init(void) {
      |             ^~~~~~~~~~~~
make: *** [Core/Src/subdir.mk:37: Core/Src/main.o] Error 1
"make -j8 all" terminated with exit code 2. Build might be incomplete.
07:33:46 **** Incremental Build of configuration Debug for project BMP280_calistirma ****
make -j8 all 
arm-none-eabi-gcc "../Core/Src/bmp280.c" -mcpu=cortex-m3 -std=gnu11 -g3 -DDEBUG -DUSE_HAL_DRIVER -DSTM32F103xB -c -I../Core/Inc -I../Drivers/STM32F1xx_HAL_Driver/Inc/Legacy -I../Drivers/STM32F1xx_HAL_Driver/Inc -I../Drivers/CMSIS/Device/ST/STM32F1xx/Include -I../Drivers/CMSIS/Include -O0 -ffunction-sections -fdata-sections -Wall -fstack-usage -fcyclomatic-complexity -MMD -MP -MF"Core/Src/bmp280.d" -MT"Core/Src/bmp280.o" --specs=nano.specs -mfloat-abi=soft -mthumb -o "Core/Src/bmp280.o"
arm-none-eabi-gcc "../Core/Src/main.c" -mcpu=cortex-m3 -std=gnu11 -g3 -DDEBUG -DUSE_HAL_DRIVER -DSTM32F103xB -c -I../Core/Inc -I../Drivers/STM32F1xx_HAL_Driver/Inc/Legacy -I../Drivers/STM32F1xx_HAL_Driver/Inc -I../Drivers/CMSIS/Device/ST/STM32F1xx/Include -I../Drivers/CMSIS/Include -O0 -ffunction-sections -fdata-sections -Wall -fstack-usage -fcyclomatic-complexity -MMD -MP -MF"Core/Src/main.d" -MT"Core/Src/main.o" --specs=nano.specs -mfloat-abi=soft -mthumb -o "Core/Src/main.o"
../Core/Src/bmp280.c:33:6: error: conflicting types for 'Send_Pressure_UART'; have 'void(UART_HandleTypeDef *, float)' {aka 'void(struct __UART_HandleTypeDef *, float)'}
   33 | void Send_Pressure_UART(UART_HandleTypeDef *huart, float pressure) {
      |      ^~~~~~~~~~~~~~~~~~
In file included from ../Core/Src/bmp280.c:7:
../Core/Inc/bmp280.h:19:6: note: previous declaration of 'Send_Pressure_UART' with type 'void(float)'
   19 | void Send_Pressure_UART( float pressure);
      |      ^~~~~~~~~~~~~~~~~~
../Core/Src/main.c:39: warning: "BMP280_ADDR" redefined
   39 | #define BMP280_ADDR 0x76 << 1  // BMP280 I2C adresi (SDO pini GND'ye bağlıysa)
      | 
In file included from ../Core/Src/main.c:25:
../Core/Inc/bmp280.h:14: note: this is the location of the previous definition
   14 | #define BMP280_ADDR (0x76 << 1)  // BMP280 I2C adresi (SDO pini GND'ye bağlıysa)
      | 
../Core/Src/main.c:69:6: error: conflicting types for 'Send_Pressure_UART'; have 'void(UART_HandleTypeDef *, float)' {aka 'void(struct __UART_HandleTypeDef *, float)'}
   69 | void Send_Pressure_UART(UART_HandleTypeDef *huart,float pressure);
      |      ^~~~~~~~~~~~~~~~~~
../Core/Inc/bmp280.h:19:6: note: previous declaration of 'Send_Pressure_UART' with type 'void(float)'
   19 | void Send_Pressure_UART( float pressure);
      |      ^~~~~~~~~~~~~~~~~~
make: *** [Core/Src/subdir.mk:37: Core/Src/bmp280.o] Error 1
../Core/Src/main.c: In function 'main':
../Core/Src/main.c:128:23: error: incompatible type for argument 1 of 'Send_Pressure_UART'
  128 |   Send_Pressure_UART( filtered_pressure);
      |                       ^~~~~~~~~~~~~~~~~
      |                       |
      |                       float
../Core/Src/main.c:69:45: note: expected 'UART_HandleTypeDef *' {aka 'struct __UART_HandleTypeDef *'} but argument is of type 'float'
   69 | void Send_Pressure_UART(UART_HandleTypeDef *huart,float pressure);
      |                         ~~~~~~~~~~~~~~~~~~~~^~~~~
make: *** Waiting for unfinished jobs....
../Core/Src/main.c:128:3: error: too few arguments to function 'Send_Pressure_UART'
  128 |   Send_Pressure_UART( filtered_pressure);
      |   ^~~~~~~~~~~~~~~~~~
../Core/Src/main.c:69:6: note: declared here
   69 | void Send_Pressure_UART(UART_HandleTypeDef *huart,float pressure);
      |      ^~~~~~~~~~~~~~~~~~
../Core/Src/main.c: At top level:
../Core/Src/main.c:263:13: error: redefinition of 'MX_I2C1_Init'
  263 | static void MX_I2C1_Init(void) {
      |             ^~~~~~~~~~~~
../Core/Src/main.c:181:13: note: previous definition of 'MX_I2C1_Init' with type 'void(void)'
  181 | static void MX_I2C1_Init(void)
      |             ^~~~~~~~~~~~
../Core/Src/main.c:277:13: error: redefinition of 'MX_USART1_UART_Init'
  277 | static void MX_USART1_UART_Init(void) {
      |             ^~~~~~~~~~~~~~~~~~~
../Core/Src/main.c:215:13: note: previous definition of 'MX_USART1_UART_Init' with type 'void(void)'
  215 | static void MX_USART1_UART_Init(void)
      |             ^~~~~~~~~~~~~~~~~~~
../Core/Src/main.c:290:13: error: redefinition of 'MX_GPIO_Init'
  290 | static void MX_GPIO_Init(void) {
      |             ^~~~~~~~~~~~
../Core/Src/main.c:248:13: note: previous definition of 'MX_GPIO_Init' with type 'void(void)'
  248 | static void MX_GPIO_Init(void)
      |             ^~~~~~~~~~~~
../Core/Src/main.c:324:10: warning: 'Send_Pressure_UART' defined but not used [-Wunused-function]
  324 |     void Send_Pressure_UART(float pressure) {
      |          ^~~~~~~~~~~~~~~~~~
../Core/Src/main.c:316:11: warning: 'KalmanFilter' defined but not used [-Wunused-function]
  316 |     float KalmanFilter(float measurement) {
      |           ^~~~~~~~~~~~
../Core/Src/main.c:290:13: warning: 'MX_GPIO_Init' defined but not used [-Wunused-function]
  290 | static void MX_GPIO_Init(void) {
      |             ^~~~~~~~~~~~
../Core/Src/main.c:308:14: warning: 'BMP280_Read_Pressure' defined but not used [-Wunused-function]
  308 |     uint32_t BMP280_Read_Pressure() {
      |              ^~~~~~~~~~~~~~~~~~~~
../Core/Src/main.c:277:13: warning: 'MX_USART1_UART_Init' defined but not used [-Wunused-function]
  277 | static void MX_USART1_UART_Init(void) {
      |             ^~~~~~~~~~~~~~~~~~~
../Core/Src/main.c:263:13: warning: 'MX_I2C1_Init' defined but not used [-Wunused-function]
  263 | static void MX_I2C1_Init(void) {
      |             ^~~~~~~~~~~~
make: *** [Core/Src/subdir.mk:37: Core/Src/main.o] Error 1
"make -j8 all" terminated with exit code 2. Build might be incomplete.
07:35:15 **** Incremental Build of configuration Debug for project BMP280_calistirma ****
make -j8 all 
arm-none-eabi-gcc "../Core/Src/bmp280.c" -mcpu=cortex-m3 -std=gnu11 -g3 -DDEBUG -DUSE_HAL_DRIVER -DSTM32F103xB -c -I../Core/Inc -I../Drivers/STM32F1xx_HAL_Driver/Inc/Legacy -I../Drivers/STM32F1xx_HAL_Driver/Inc -I../Drivers/CMSIS/Device/ST/STM32F1xx/Include -I../Drivers/CMSIS/Include -O0 -ffunction-sections -fdata-sections -Wall -fstack-usage -fcyclomatic-complexity -MMD -MP -MF"Core/Src/bmp280.d" -MT"Core/Src/bmp280.o" --specs=nano.specs -mfloat-abi=soft -mthumb -o "Core/Src/bmp280.o"
arm-none-eabi-gcc "../Core/Src/main.c" -mcpu=cortex-m3 -std=gnu11 -g3 -DDEBUG -DUSE_HAL_DRIVER -DSTM32F103xB -c -I../Core/Inc -I../Drivers/STM32F1xx_HAL_Driver/Inc/Legacy -I../Drivers/STM32F1xx_HAL_Driver/Inc -I../Drivers/CMSIS/Device/ST/STM32F1xx/Include -I../Drivers/CMSIS/Include -O0 -ffunction-sections -fdata-sections -Wall -fstack-usage -fcyclomatic-complexity -MMD -MP -MF"Core/Src/main.d" -MT"Core/Src/main.o" --specs=nano.specs -mfloat-abi=soft -mthumb -o "Core/Src/main.o"
../Core/Src/main.c:39: warning: "BMP280_ADDR" redefined
   39 | #define BMP280_ADDR 0x76 << 1  // BMP280 I2C adresi (SDO pini GND'ye bağlıysa)
      | 
In file included from ../Core/Src/main.c:25:
../Core/Inc/bmp280.h:14: note: this is the location of the previous definition
   14 | #define BMP280_ADDR (0x76 << 1)  // BMP280 I2C adresi (SDO pini GND'ye bağlıysa)
      | 
../Core/Src/main.c: In function 'main':
../Core/Src/main.c:128:23: error: incompatible type for argument 1 of 'Send_Pressure_UART'
  128 |   Send_Pressure_UART( filtered_pressure);
      |                       ^~~~~~~~~~~~~~~~~
      |                       |
      |                       float
../Core/Inc/bmp280.h:19:46: note: expected 'UART_HandleTypeDef *' {aka 'struct __UART_HandleTypeDef *'} but argument is of type 'float'
   19 | void Send_Pressure_UART( UART_HandleTypeDef *huart,float pressure);
      |                          ~~~~~~~~~~~~~~~~~~~~^~~~~
../Core/Src/main.c:128:3: error: too few arguments to function 'Send_Pressure_UART'
  128 |   Send_Pressure_UART( filtered_pressure);
      |   ^~~~~~~~~~~~~~~~~~
../Core/Src/main.c:69:6: note: declared here
   69 | void Send_Pressure_UART(UART_HandleTypeDef *huart,float pressure);
      |      ^~~~~~~~~~~~~~~~~~
../Core/Src/main.c: At top level:
../Core/Src/main.c:263:13: error: redefinition of 'MX_I2C1_Init'
  263 | static void MX_I2C1_Init(void) {
      |             ^~~~~~~~~~~~
../Core/Src/main.c:181:13: note: previous definition of 'MX_I2C1_Init' with type 'void(void)'
  181 | static void MX_I2C1_Init(void)
      |             ^~~~~~~~~~~~
../Core/Src/main.c:277:13: error: redefinition of 'MX_USART1_UART_Init'
  277 | static void MX_USART1_UART_Init(void) {
      |             ^~~~~~~~~~~~~~~~~~~
../Core/Src/main.c:215:13: note: previous definition of 'MX_USART1_UART_Init' with type 'void(void)'
  215 | static void MX_USART1_UART_Init(void)
      |             ^~~~~~~~~~~~~~~~~~~
../Core/Src/main.c:290:13: error: redefinition of 'MX_GPIO_Init'
  290 | static void MX_GPIO_Init(void) {
      |             ^~~~~~~~~~~~
../Core/Src/main.c:248:13: note: previous definition of 'MX_GPIO_Init' with type 'void(void)'
  248 | static void MX_GPIO_Init(void)
      |             ^~~~~~~~~~~~
../Core/Src/main.c:324:10: warning: 'Send_Pressure_UART' defined but not used [-Wunused-function]
  324 |     void Send_Pressure_UART(float pressure) {
      |          ^~~~~~~~~~~~~~~~~~
../Core/Src/main.c:316:11: warning: 'KalmanFilter' defined but not used [-Wunused-function]
  316 |     float KalmanFilter(float measurement) {
      |           ^~~~~~~~~~~~
../Core/Src/main.c:290:13: warning: 'MX_GPIO_Init' defined but not used [-Wunused-function]
  290 | static void MX_GPIO_Init(void) {
      |             ^~~~~~~~~~~~
../Core/Src/main.c:308:14: warning: 'BMP280_Read_Pressure' defined but not used [-Wunused-function]
  308 |     uint32_t BMP280_Read_Pressure() {
      |              ^~~~~~~~~~~~~~~~~~~~
../Core/Src/main.c:277:13: warning: 'MX_USART1_UART_Init' defined but not used [-Wunused-function]
  277 | static void MX_USART1_UART_Init(void) {
      |             ^~~~~~~~~~~~~~~~~~~
../Core/Src/main.c:263:13: warning: 'MX_I2C1_Init' defined but not used [-Wunused-function]
  263 | static void MX_I2C1_Init(void) {
      |             ^~~~~~~~~~~~
make: *** [Core/Src/subdir.mk:37: Core/Src/main.o] Error 1
make: *** Waiting for unfinished jobs....
"make -j8 all" terminated with exit code 2. Build might be incomplete.
07:43:30 **** Incremental Build of configuration Debug for project BMP280_calistirma ****
make -j8 all 
arm-none-eabi-gcc "../Core/Src/bmp280.c" -mcpu=cortex-m3 -std=gnu11 -g3 -DDEBUG -DUSE_HAL_DRIVER -DSTM32F103xB -c -I../Core/Inc -I../Drivers/STM32F1xx_HAL_Driver/Inc/Legacy -I../Drivers/STM32F1xx_HAL_Driver/Inc -I../Drivers/CMSIS/Device/ST/STM32F1xx/Include -I../Drivers/CMSIS/Include -O0 -ffunction-sections -fdata-sections -Wall -fstack-usage -fcyclomatic-complexity -MMD -MP -MF"Core/Src/bmp280.d" -MT"Core/Src/bmp280.o" --specs=nano.specs -mfloat-abi=soft -mthumb -o "Core/Src/bmp280.o"
arm-none-eabi-gcc "../Core/Src/main.c" -mcpu=cortex-m3 -std=gnu11 -g3 -DDEBUG -DUSE_HAL_DRIVER -DSTM32F103xB -c -I../Core/Inc -I../Drivers/STM32F1xx_HAL_Driver/Inc/Legacy -I../Drivers/STM32F1xx_HAL_Driver/Inc -I../Drivers/CMSIS/Device/ST/STM32F1xx/Include -I../Drivers/CMSIS/Include -O0 -ffunction-sections -fdata-sections -Wall -fstack-usage -fcyclomatic-complexity -MMD -MP -MF"Core/Src/main.d" -MT"Core/Src/main.o" --specs=nano.specs -mfloat-abi=soft -mthumb -o "Core/Src/main.o"
../Core/Src/main.c:39: warning: "BMP280_ADDR" redefined
   39 | #define BMP280_ADDR 0x76 << 1  // BMP280 I2C adresi (SDO pini GND'ye bağlıysa)
      | 
In file included from ../Core/Src/main.c:25:
../Core/Inc/bmp280.h:14: note: this is the location of the previous definition
   14 | #define BMP280_ADDR (0x76 << 1)  // BMP280 I2C adresi (SDO pini GND'ye bağlıysa)
      | 
../Core/Src/main.c:263:13: error: redefinition of 'MX_I2C1_Init'
  263 | static void MX_I2C1_Init(void) {
      |             ^~~~~~~~~~~~
../Core/Src/main.c:181:13: note: previous definition of 'MX_I2C1_Init' with type 'void(void)'
  181 | static void MX_I2C1_Init(void)
      |             ^~~~~~~~~~~~
../Core/Src/main.c:277:13: error: redefinition of 'MX_USART1_UART_Init'
  277 | static void MX_USART1_UART_Init(void) {
      |             ^~~~~~~~~~~~~~~~~~~
../Core/Src/main.c:215:13: note: previous definition of 'MX_USART1_UART_Init' with type 'void(void)'
  215 | static void MX_USART1_UART_Init(void)
      |             ^~~~~~~~~~~~~~~~~~~
../Core/Src/main.c:290:13: error: redefinition of 'MX_GPIO_Init'
  290 | static void MX_GPIO_Init(void) {
      |             ^~~~~~~~~~~~
../Core/Src/main.c:248:13: note: previous definition of 'MX_GPIO_Init' with type 'void(void)'
  248 | static void MX_GPIO_Init(void)
      |             ^~~~~~~~~~~~
../Core/Src/main.c:324:10: warning: 'Send_Pressure_UART' defined but not used [-Wunused-function]
  324 |     void Send_Pressure_UART(float pressure) {
      |          ^~~~~~~~~~~~~~~~~~
../Core/Src/main.c:316:11: warning: 'KalmanFilter' defined but not used [-Wunused-function]
  316 |     float KalmanFilter(float measurement) {
      |           ^~~~~~~~~~~~
../Core/Src/main.c:290:13: warning: 'MX_GPIO_Init' defined but not used [-Wunused-function]
  290 | static void MX_GPIO_Init(void) {
      |             ^~~~~~~~~~~~
../Core/Src/main.c:308:14: warning: 'BMP280_Read_Pressure' defined but not used [-Wunused-function]
  308 |     uint32_t BMP280_Read_Pressure() {
      |              ^~~~~~~~~~~~~~~~~~~~
../Core/Src/main.c:277:13: warning: 'MX_USART1_UART_Init' defined but not used [-Wunused-function]
  277 | static void MX_USART1_UART_Init(void) {
      |             ^~~~~~~~~~~~~~~~~~~
../Core/Src/bmp280.c: In function 'Send_Pressure_UART':
../Core/Src/main.c:263:13: warning: 'MX_I2C1_Init' defined but not used [-Wunused-function]
  263 | static void MX_I2C1_Init(void) {
      |             ^~~~~~~~~~~~
../Core/Src/bmp280.c:36:24: error: 'huart1' undeclared (first use in this function)
   36 |     HAL_UART_Transmit(&huart1, (uint8_t*)buffer, length, HAL_MAX_DELAY);
      |                        ^~~~~~
../Core/Src/bmp280.c:36:24: note: each undeclared identifier is reported only once for each function it appears in
make: *** [Core/Src/subdir.mk:37: Core/Src/bmp280.o] Error 1
make: *** Waiting for unfinished jobs....
make: *** [Core/Src/subdir.mk:37: Core/Src/main.o] Error 1
"make -j8 all" terminated with exit code 2. Build might be incomplete.
07:46:08 **** Incremental Build of configuration Debug for project BMP280_calistirma ****
make -j8 all 
arm-none-eabi-gcc "../Core/Src/bmp280.c" -mcpu=cortex-m3 -std=gnu11 -g3 -DDEBUG -DUSE_HAL_DRIVER -DSTM32F103xB -c -I../Core/Inc -I../Drivers/STM32F1xx_HAL_Driver/Inc/Legacy -I../Drivers/STM32F1xx_HAL_Driver/Inc -I../Drivers/CMSIS/Device/ST/STM32F1xx/Include -I../Drivers/CMSIS/Include -O0 -ffunction-sections -fdata-sections -Wall -fstack-usage -fcyclomatic-complexity -MMD -MP -MF"Core/Src/bmp280.d" -MT"Core/Src/bmp280.o" --specs=nano.specs -mfloat-abi=soft -mthumb -o "Core/Src/bmp280.o"
arm-none-eabi-gcc "../Core/Src/main.c" -mcpu=cortex-m3 -std=gnu11 -g3 -DDEBUG -DUSE_HAL_DRIVER -DSTM32F103xB -c -I../Core/Inc -I../Drivers/STM32F1xx_HAL_Driver/Inc/Legacy -I../Drivers/STM32F1xx_HAL_Driver/Inc -I../Drivers/CMSIS/Device/ST/STM32F1xx/Include -I../Drivers/CMSIS/Include -O0 -ffunction-sections -fdata-sections -Wall -fstack-usage -fcyclomatic-complexity -MMD -MP -MF"Core/Src/main.d" -MT"Core/Src/main.o" --specs=nano.specs -mfloat-abi=soft -mthumb -o "Core/Src/main.o"
../Core/Src/main.c:39: warning: "BMP280_ADDR" redefined
   39 | #define BMP280_ADDR 0x76 << 1  // BMP280 I2C adresi (SDO pini GND'ye bağlıysa)
      | 
In file included from ../Core/Src/main.c:25:
../Core/Inc/bmp280.h:14: note: this is the location of the previous definition
   14 | #define BMP280_ADDR (0x76 << 1)  // BMP280 I2C adresi (SDO pini GND'ye bağlıysa)
      | 
../Core/Src/main.c:263:13: error: redefinition of 'MX_I2C1_Init'
  263 | static void MX_I2C1_Init(void) {
      |             ^~~~~~~~~~~~
../Core/Src/main.c:181:13: note: previous definition of 'MX_I2C1_Init' with type 'void(void)'
  181 | static void MX_I2C1_Init(void)
      |             ^~~~~~~~~~~~
../Core/Src/main.c:277:13: error: redefinition of 'MX_USART1_UART_Init'
  277 | static void MX_USART1_UART_Init(void) {
      |             ^~~~~~~~~~~~~~~~~~~
../Core/Src/main.c:215:13: note: previous definition of 'MX_USART1_UART_Init' with type 'void(void)'
  215 | static void MX_USART1_UART_Init(void)
      |             ^~~~~~~~~~~~~~~~~~~
../Core/Src/main.c:290:13: error: redefinition of 'MX_GPIO_Init'
  290 | static void MX_GPIO_Init(void) {
      |             ^~~~~~~~~~~~
../Core/Src/main.c:248:13: note: previous definition of 'MX_GPIO_Init' with type 'void(void)'
  248 | static void MX_GPIO_Init(void)
      |             ^~~~~~~~~~~~
../Core/Src/main.c:324:10: warning: 'Send_Pressure_UART' defined but not used [-Wunused-function]
  324 |     void Send_Pressure_UART(float pressure) {
      |          ^~~~~~~~~~~~~~~~~~
../Core/Src/main.c:316:11: warning: 'KalmanFilter' defined but not used [-Wunused-function]
  316 |     float KalmanFilter(float measurement) {
      |           ^~~~~~~~~~~~
../Core/Src/main.c:290:13: warning: 'MX_GPIO_Init' defined but not used [-Wunused-function]
  290 | static void MX_GPIO_Init(void) {
      |             ^~~~~~~~~~~~
../Core/Src/main.c:308:14: warning: 'BMP280_Read_Pressure' defined but not used [-Wunused-function]
  308 |     uint32_t BMP280_Read_Pressure() {
      |              ^~~~~~~~~~~~~~~~~~~~
../Core/Src/main.c:277:13: warning: 'MX_USART1_UART_Init' defined but not used [-Wunused-function]
  277 | static void MX_USART1_UART_Init(void) {
      |             ^~~~~~~~~~~~~~~~~~~
../Core/Src/main.c:263:13: warning: 'MX_I2C1_Init' defined but not used [-Wunused-function]
  263 | static void MX_I2C1_Init(void) {
      |             ^~~~~~~~~~~~
make: *** [Core/Src/subdir.mk:37: Core/Src/main.o] Error 1
make: *** Waiting for unfinished jobs....
"make -j8 all" terminated with exit code 2. Build might be incomplete.
07:50:52 **** Incremental Build of configuration Debug for project BMP280_calistirma ****
make -j8 all 
arm-none-eabi-gcc "../Core/Src/main.c" -mcpu=cortex-m3 -std=gnu11 -g3 -DDEBUG -DUSE_HAL_DRIVER -DSTM32F103xB -c -I../Core/Inc -I../Drivers/STM32F1xx_HAL_Driver/Inc/Legacy -I../Drivers/STM32F1xx_HAL_Driver/Inc -I../Drivers/CMSIS/Device/ST/STM32F1xx/Include -I../Drivers/CMSIS/Include -O0 -ffunction-sections -fdata-sections -Wall -fstack-usage -fcyclomatic-complexity -MMD -MP -MF"Core/Src/main.d" -MT"Core/Src/main.o" --specs=nano.specs -mfloat-abi=soft -mthumb -o "Core/Src/main.o"
../Core/Src/main.c:263:13: error: redefinition of 'MX_I2C1_Init'
  263 | static void MX_I2C1_Init(void) {
      |             ^~~~~~~~~~~~
../Core/Src/main.c:181:13: note: previous definition of 'MX_I2C1_Init' with type 'void(void)'
  181 | static void MX_I2C1_Init(void)
      |             ^~~~~~~~~~~~
../Core/Src/main.c:277:13: error: redefinition of 'MX_USART1_UART_Init'
  277 | static void MX_USART1_UART_Init(void) {
      |             ^~~~~~~~~~~~~~~~~~~
../Core/Src/main.c:215:13: note: previous definition of 'MX_USART1_UART_Init' with type 'void(void)'
  215 | static void MX_USART1_UART_Init(void)
      |             ^~~~~~~~~~~~~~~~~~~
../Core/Src/main.c:290:13: error: redefinition of 'MX_GPIO_Init'
  290 | static void MX_GPIO_Init(void) {
      |             ^~~~~~~~~~~~
../Core/Src/main.c:248:13: note: previous definition of 'MX_GPIO_Init' with type 'void(void)'
  248 | static void MX_GPIO_Init(void)
      |             ^~~~~~~~~~~~
../Core/Src/main.c:324:10: warning: 'Send_Pressure_UART' defined but not used [-Wunused-function]
  324 |     void Send_Pressure_UART(float pressure) {
      |          ^~~~~~~~~~~~~~~~~~
../Core/Src/main.c:316:11: warning: 'KalmanFilter' defined but not used [-Wunused-function]
  316 |     float KalmanFilter(float measurement) {
      |           ^~~~~~~~~~~~
../Core/Src/main.c:290:13: warning: 'MX_GPIO_Init' defined but not used [-Wunused-function]
  290 | static void MX_GPIO_Init(void) {
      |             ^~~~~~~~~~~~
../Core/Src/main.c:308:14: warning: 'BMP280_Read_Pressure' defined but not used [-Wunused-function]
  308 |     uint32_t BMP280_Read_Pressure() {
      |              ^~~~~~~~~~~~~~~~~~~~
../Core/Src/main.c:277:13: warning: 'MX_USART1_UART_Init' defined but not used [-Wunused-function]
  277 | static void MX_USART1_UART_Init(void) {
      |             ^~~~~~~~~~~~~~~~~~~
../Core/Src/main.c:263:13: warning: 'MX_I2C1_Init' defined but not used [-Wunused-function]
  263 | static void MX_I2C1_Init(void) {
      |             ^~~~~~~~~~~~
make: *** [Core/Src/subdir.mk:37: Core/Src/main.o] Error 1
"make -j8 all" terminated with exit code 2. Build might be incomplete.
07:58:36 **** Incremental Build of configuration Debug for project BMP280_calistirma ****
make -j8 all 
arm-none-eabi-gcc "../Core/Src/main.c" -mcpu=cortex-m3 -std=gnu11 -g3 -DDEBUG -DUSE_HAL_DRIVER -DSTM32F103xB -c -I../Core/Inc -I../Drivers/STM32F1xx_HAL_Driver/Inc/Legacy -I../Drivers/STM32F1xx_HAL_Driver/Inc -I../Drivers/CMSIS/Device/ST/STM32F1xx/Include -I../Drivers/CMSIS/Include -O0 -ffunction-sections -fdata-sections -Wall -fstack-usage -fcyclomatic-complexity -MMD -MP -MF"Core/Src/main.d" -MT"Core/Src/main.o" --specs=nano.specs -mfloat-abi=soft -mthumb -o "Core/Src/main.o"
../Core/Src/main.c:263:13: error: redefinition of 'MX_I2C1_Init'
  263 | static void MX_I2C1_Init(void) {
      |             ^~~~~~~~~~~~
../Core/Src/main.c:181:13: note: previous definition of 'MX_I2C1_Init' with type 'void(void)'
  181 | static void MX_I2C1_Init(void)
      |             ^~~~~~~~~~~~
../Core/Src/main.c:277:13: error: redefinition of 'MX_USART1_UART_Init'
  277 | static void MX_USART1_UART_Init(void) {
      |             ^~~~~~~~~~~~~~~~~~~
../Core/Src/main.c:215:13: note: previous definition of 'MX_USART1_UART_Init' with type 'void(void)'
  215 | static void MX_USART1_UART_Init(void)
      |             ^~~~~~~~~~~~~~~~~~~
../Core/Src/main.c:290:13: error: redefinition of 'MX_GPIO_Init'
  290 | static void MX_GPIO_Init(void) {
      |             ^~~~~~~~~~~~
../Core/Src/main.c:248:13: note: previous definition of 'MX_GPIO_Init' with type 'void(void)'
  248 | static void MX_GPIO_Init(void)
      |             ^~~~~~~~~~~~
../Core/Src/main.c:290:13: warning: 'MX_GPIO_Init' defined but not used [-Wunused-function]
  290 | static void MX_GPIO_Init(void) {
      |             ^~~~~~~~~~~~
../Core/Src/main.c:277:13: warning: 'MX_USART1_UART_Init' defined but not used [-Wunused-function]
  277 | static void MX_USART1_UART_Init(void) {
      |             ^~~~~~~~~~~~~~~~~~~
../Core/Src/main.c:263:13: warning: 'MX_I2C1_Init' defined but not used [-Wunused-function]
  263 | static void MX_I2C1_Init(void) {
      |             ^~~~~~~~~~~~
make: *** [Core/Src/subdir.mk:37: Core/Src/main.o] Error 1
"make -j8 all" terminated with exit code 2. Build might be incomplete.
08:21:30 **** Incremental Build of configuration Debug for project BMP280_calistirma ****
make -j8 all 
arm-none-eabi-gcc "../Core/Src/main.c" -mcpu=cortex-m3 -std=gnu11 -g3 -DDEBUG -DUSE_HAL_DRIVER -DSTM32F103xB -c -I../Core/Inc -I../Drivers/STM32F1xx_HAL_Driver/Inc/Legacy -I../Drivers/STM32F1xx_HAL_Driver/Inc -I../Drivers/CMSIS/Device/ST/STM32F1xx/Include -I../Drivers/CMSIS/Include -O0 -ffunction-sections -fdata-sections -Wall -fstack-usage -fcyclomatic-complexity -MMD -MP -MF"Core/Src/main.d" -MT"Core/Src/main.o" --specs=nano.specs -mfloat-abi=soft -mthumb -o "Core/Src/main.o"
arm-none-eabi-g++ -o "BMP280_calistirma.elf" @"objects.list"   -mcpu=cortex-m3 -T"C:\Users\Gülerizm\Desktop\ali\STM32IDE\BMP280_calistirma\STM32F103C8TX_FLASH.ld" --specs=nosys.specs -Wl,-Map="BMP280_calistirma.map" -Wl,--gc-sections -static -u _printf_float --specs=nano.specs -mfloat-abi=soft -mthumb -Wl,--start-group -lc -lm -lstdc++ -lsupc++ -Wl,--end-group
C:/ST/STM32CubeIDE_1.17.0/STM32CubeIDE/plugins/com.st.stm32cube.ide.mcu.externaltools.gnu-tools-for-stm32.12.3.rel1.win32_1.1.0.202410251130/tools/bin/../lib/gcc/arm-none-eabi/12.3.1/../../../../arm-none-eabi/bin/ld.exe: ./Core/Src/main.o:C:/Users/Gülerizm/Desktop/ali/STM32IDE/BMP280_calistirma/Debug/../Core/Src/main.c:34: multiple definition of `huart1'; ./Core/Src/bmp280.o:C:/Users/Gülerizm/Desktop/ali/STM32IDE/BMP280_calistirma/Debug/../Core/Src/bmp280.c:9: first defined here
collect2.exe: error: ld returned 1 exit status
make: *** [makefile:91: BMP280_calistirma.elf] Error 1
"make -j8 all" terminated with exit code 2. Build might be incomplete.
08:23:34 **** Incremental Build of configuration Debug for project BMP280_calistirma ****
make -j8 all 
arm-none-eabi-gcc "../Core/Src/bmp280.c" -mcpu=cortex-m3 -std=gnu11 -g3 -DDEBUG -DUSE_HAL_DRIVER -DSTM32F103xB -c -I../Core/Inc -I../Drivers/STM32F1xx_HAL_Driver/Inc/Legacy -I../Drivers/STM32F1xx_HAL_Driver/Inc -I../Drivers/CMSIS/Device/ST/STM32F1xx/Include -I../Drivers/CMSIS/Include -O0 -ffunction-sections -fdata-sections -Wall -fstack-usage -fcyclomatic-complexity -MMD -MP -MF"Core/Src/bmp280.d" -MT"Core/Src/bmp280.o" --specs=nano.specs -mfloat-abi=soft -mthumb -o "Core/Src/bmp280.o"
../Core/Src/bmp280.c: In function 'Send_Pressure_UART':
../Core/Src/bmp280.c:36:24: error: 'huart1' undeclared (first use in this function)
   36 |     HAL_UART_Transmit(&huart1, (uint8_t*)buffer, length, HAL_MAX_DELAY);
      |                        ^~~~~~
../Core/Src/bmp280.c:36:24: note: each undeclared identifier is reported only once for each function it appears in
make: *** [Core/Src/subdir.mk:37: Core/Src/bmp280.o] Error 1
"make -j8 all" terminated with exit code 2. Build might be incomplete.
08:24:07 **** Incremental Build of configuration Debug for project BMP280_calistirma ****
make -j8 all 
arm-none-eabi-gcc "../Core/Src/bmp280.c" -mcpu=cortex-m3 -std=gnu11 -g3 -DDEBUG -DUSE_HAL_DRIVER -DSTM32F103xB -c -I../Core/Inc -I../Drivers/STM32F1xx_HAL_Driver/Inc/Legacy -I../Drivers/STM32F1xx_HAL_Driver/Inc -I../Drivers/CMSIS/Device/ST/STM32F1xx/Include -I../Drivers/CMSIS/Include -O0 -ffunction-sections -fdata-sections -Wall -fstack-usage -fcyclomatic-complexity -MMD -MP -MF"Core/Src/bmp280.d" -MT"Core/Src/bmp280.o" --specs=nano.specs -mfloat-abi=soft -mthumb -o "Core/Src/bmp280.o"
arm-none-eabi-gcc "../Core/Src/main.c" -mcpu=cortex-m3 -std=gnu11 -g3 -DDEBUG -DUSE_HAL_DRIVER -DSTM32F103xB -c -I../Core/Inc -I../Drivers/STM32F1xx_HAL_Driver/Inc/Legacy -I../Drivers/STM32F1xx_HAL_Driver/Inc -I../Drivers/CMSIS/Device/ST/STM32F1xx/Include -I../Drivers/CMSIS/Include -O0 -ffunction-sections -fdata-sections -Wall -fstack-usage -fcyclomatic-complexity -MMD -MP -MF"Core/Src/main.d" -MT"Core/Src/main.o" --specs=nano.specs -mfloat-abi=soft -mthumb -o "Core/Src/main.o"
arm-none-eabi-g++ -o "BMP280_calistirma.elf" @"objects.list"   -mcpu=cortex-m3 -T"C:\Users\Gülerizm\Desktop\ali\STM32IDE\BMP280_calistirma\STM32F103C8TX_FLASH.ld" --specs=nosys.specs -Wl,-Map="BMP280_calistirma.map" -Wl,--gc-sections -static -u _printf_float --specs=nano.specs -mfloat-abi=soft -mthumb -Wl,--start-group -lc -lm -lstdc++ -lsupc++ -Wl,--end-group
C:/ST/STM32CubeIDE_1.17.0/STM32CubeIDE/plugins/com.st.stm32cube.ide.mcu.externaltools.gnu-tools-for-stm32.12.3.rel1.win32_1.1.0.202410251130/tools/bin/../lib/gcc/arm-none-eabi/12.3.1/../../../../arm-none-eabi/bin/ld.exe: ./Core/Src/main.o:C:/Users/Gülerizm/Desktop/ali/STM32IDE/BMP280_calistirma/Debug/../Core/Src/main.c:51: multiple definition of `huart1'; ./Core/Src/bmp280.o:C:/Users/Gülerizm/Desktop/ali/STM32IDE/BMP280_calistirma/Debug/../Core/Src/bmp280.c:9: first defined here
collect2.exe: error: ld returned 1 exit status
make: *** [makefile:91: BMP280_calistirma.elf] Error 1
"make -j8 all" terminated with exit code 2. Build might be incomplete.
08:25:59 **** Incremental Build of configuration Debug for project BMP280_calistirma ****
make -j8 all 
arm-none-eabi-gcc "../Core/Src/main.c" -mcpu=cortex-m3 -std=gnu11 -g3 -DDEBUG -DUSE_HAL_DRIVER -DSTM32F103xB -c -I../Core/Inc -I../Drivers/STM32F1xx_HAL_Driver/Inc/Legacy -I../Drivers/STM32F1xx_HAL_Driver/Inc -I../Drivers/CMSIS/Device/ST/STM32F1xx/Include -I../Drivers/CMSIS/Include -O0 -ffunction-sections -fdata-sections -Wall -fstack-usage -fcyclomatic-complexity -MMD -MP -MF"Core/Src/main.d" -MT"Core/Src/main.o" --specs=nano.specs -mfloat-abi=soft -mthumb -o "Core/Src/main.o"
arm-none-eabi-g++ -o "BMP280_calistirma.elf" @"objects.list"   -mcpu=cortex-m3 -T"C:\Users\Gülerizm\Desktop\ali\STM32IDE\BMP280_calistirma\STM32F103C8TX_FLASH.ld" --specs=nosys.specs -Wl,-Map="BMP280_calistirma.map" -Wl,--gc-sections -static -u _printf_float --specs=nano.specs -mfloat-abi=soft -mthumb -Wl,--start-group -lc -lm -lstdc++ -lsupc++ -Wl,--end-group
C:/ST/STM32CubeIDE_1.17.0/STM32CubeIDE/plugins/com.st.stm32cube.ide.mcu.externaltools.gnu-tools-for-stm32.12.3.rel1.win32_1.1.0.202410251130/tools/bin/../lib/gcc/arm-none-eabi/12.3.1/../../../../arm-none-eabi/bin/ld.exe: ./Core/Src/main.o:C:/Users/Gülerizm/Desktop/ali/STM32IDE/BMP280_calistirma/Debug/../Core/Src/main.c:52: multiple definition of `huart1'; ./Core/Src/bmp280.o:C:/Users/Gülerizm/Desktop/ali/STM32IDE/BMP280_calistirma/Debug/../Core/Src/bmp280.c:9: first defined here
collect2.exe: error: ld returned 1 exit status
make: *** [makefile:91: BMP280_calistirma.elf] Error 1
"make -j8 all" terminated with exit code 2. Build might be incomplete.
08:26:21 **** Incremental Build of configuration Debug for project BMP280_calistirma ****
make -j8 all 
arm-none-eabi-gcc "../Core/Src/bmp280.c" -mcpu=cortex-m3 -std=gnu11 -g3 -DDEBUG -DUSE_HAL_DRIVER -DSTM32F103xB -c -I../Core/Inc -I../Drivers/STM32F1xx_HAL_Driver/Inc/Legacy -I../Drivers/STM32F1xx_HAL_Driver/Inc -I../Drivers/CMSIS/Device/ST/STM32F1xx/Include -I../Drivers/CMSIS/Include -O0 -ffunction-sections -fdata-sections -Wall -fstack-usage -fcyclomatic-complexity -MMD -MP -MF"Core/Src/bmp280.d" -MT"Core/Src/bmp280.o" --specs=nano.specs -mfloat-abi=soft -mthumb -o "Core/Src/bmp280.o"
../Core/Src/bmp280.c: In function 'Send_Pressure_UART':
../Core/Src/bmp280.c:36:24: error: 'huart1' undeclared (first use in this function)
   36 |     HAL_UART_Transmit(&huart1, (uint8_t*)buffer, length, HAL_MAX_DELAY);
      |                        ^~~~~~
../Core/Src/bmp280.c:36:24: note: each undeclared identifier is reported only once for each function it appears in
make: *** [Core/Src/subdir.mk:37: Core/Src/bmp280.o] Error 1
"make -j8 all" terminated with exit code 2. Build might be incomplete.
08:27:22 **** Incremental Build of configuration Debug for project BMP280_calistirma ****
make -j8 all 
arm-none-eabi-gcc "../Core/Src/bmp280.c" -mcpu=cortex-m3 -std=gnu11 -g3 -DDEBUG -DUSE_HAL_DRIVER -DSTM32F103xB -c -I../Core/Inc -I../Drivers/STM32F1xx_HAL_Driver/Inc/Legacy -I../Drivers/STM32F1xx_HAL_Driver/Inc -I../Drivers/CMSIS/Device/ST/STM32F1xx/Include -I../Drivers/CMSIS/Include -O0 -ffunction-sections -fdata-sections -Wall -fstack-usage -fcyclomatic-complexity -MMD -MP -MF"Core/Src/bmp280.d" -MT"Core/Src/bmp280.o" --specs=nano.specs -mfloat-abi=soft -mthumb -o "Core/Src/bmp280.o"
arm-none-eabi-gcc "../Core/Src/main.c" -mcpu=cortex-m3 -std=gnu11 -g3 -DDEBUG -DUSE_HAL_DRIVER -DSTM32F103xB -c -I../Core/Inc -I../Drivers/STM32F1xx_HAL_Driver/Inc/Legacy -I../Drivers/STM32F1xx_HAL_Driver/Inc -I../Drivers/CMSIS/Device/ST/STM32F1xx/Include -I../Drivers/CMSIS/Include -O0 -ffunction-sections -fdata-sections -Wall -fstack-usage -fcyclomatic-complexity -MMD -MP -MF"Core/Src/main.d" -MT"Core/Src/main.o" --specs=nano.specs -mfloat-abi=soft -mthumb -o "Core/Src/main.o"
../Core/Src/main.c: In function 'MX_USART1_UART_Init':
../Core/Src/main.c:229:13: error: 'huart1' undeclared (first use in this function)
  229 |             huart1.Instance = USART1;
      |             ^~~~~~
../Core/Src/main.c:229:13: note: each undeclared identifier is reported only once for each function it appears in
make: *** [Core/Src/subdir.mk:37: Core/Src/main.o] Error 1
make: *** Waiting for unfinished jobs....
"make -j8 all" terminated with exit code 2. Build might be incomplete.
08:28:37 **** Incremental Build of configuration Debug for project BMP280_calistirma ****
make -j8 all 
arm-none-eabi-gcc "../Core/Src/main.c" -mcpu=cortex-m3 -std=gnu11 -g3 -DDEBUG -DUSE_HAL_DRIVER -DSTM32F103xB -c -I../Core/Inc -I../Drivers/STM32F1xx_HAL_Driver/Inc/Legacy -I../Drivers/STM32F1xx_HAL_Driver/Inc -I../Drivers/CMSIS/Device/ST/STM32F1xx/Include -I../Drivers/CMSIS/Include -O0 -ffunction-sections -fdata-sections -Wall -fstack-usage -fcyclomatic-complexity -MMD -MP -MF"Core/Src/main.d" -MT"Core/Src/main.o" --specs=nano.specs -mfloat-abi=soft -mthumb -o "Core/Src/main.o"
arm-none-eabi-g++ -o "BMP280_calistirma.elf" @"objects.list"   -mcpu=cortex-m3 -T"C:\Users\Gülerizm\Desktop\ali\STM32IDE\BMP280_calistirma\STM32F103C8TX_FLASH.ld" --specs=nosys.specs -Wl,-Map="BMP280_calistirma.map" -Wl,--gc-sections -static -u _printf_float --specs=nano.specs -mfloat-abi=soft -mthumb -Wl,--start-group -lc -lm -lstdc++ -lsupc++ -Wl,--end-group
C:/ST/STM32CubeIDE_1.17.0/STM32CubeIDE/plugins/com.st.stm32cube.ide.mcu.externaltools.gnu-tools-for-stm32.12.3.rel1.win32_1.1.0.202410251130/tools/bin/../lib/gcc/arm-none-eabi/12.3.1/../../../../arm-none-eabi/bin/ld.exe: ./Core/Src/main.o:C:/Users/Gülerizm/Desktop/ali/STM32IDE/BMP280_calistirma/Debug/../Core/Src/main.c:51: multiple definition of `huart1'; ./Core/Src/bmp280.o:C:/Users/Gülerizm/Desktop/ali/STM32IDE/BMP280_calistirma/Debug/../Core/Src/bmp280.c:9: first defined here
collect2.exe: error: ld returned 1 exit status
make: *** [makefile:91: BMP280_calistirma.elf] Error 1
"make -j8 all" terminated with exit code 2. Build might be incomplete.
08:38:16 **** Incremental Build of configuration Debug for project BMP280_calistirma ****
make -j8 all 
arm-none-eabi-gcc "../Core/Src/bmp280.c" -mcpu=cortex-m3 -std=gnu11 -g3 -DDEBUG -DUSE_HAL_DRIVER -DSTM32F103xB -c -I../Core/Inc -I../Drivers/STM32F1xx_HAL_Driver/Inc/Legacy -I../Drivers/STM32F1xx_HAL_Driver/Inc -I../Drivers/CMSIS/Device/ST/STM32F1xx/Include -I../Drivers/CMSIS/Include -O0 -ffunction-sections -fdata-sections -Wall -fstack-usage -fcyclomatic-complexity -MMD -MP -MF"Core/Src/bmp280.d" -MT"Core/Src/bmp280.o" --specs=nano.specs -mfloat-abi=soft -mthumb -o "Core/Src/bmp280.o"
arm-none-eabi-gcc "../Core/Src/main.c" -mcpu=cortex-m3 -std=gnu11 -g3 -DDEBUG -DUSE_HAL_DRIVER -DSTM32F103xB -c -I../Core/Inc -I../Drivers/STM32F1xx_HAL_Driver/Inc/Legacy -I../Drivers/STM32F1xx_HAL_Driver/Inc -I../Drivers/CMSIS/Device/ST/STM32F1xx/Include -I../Drivers/CMSIS/Include -O0 -ffunction-sections -fdata-sections -Wall -fstack-usage -fcyclomatic-complexity -MMD -MP -MF"Core/Src/main.d" -MT"Core/Src/main.o" --specs=nano.specs -mfloat-abi=soft -mthumb -o "Core/Src/main.o"
arm-none-eabi-g++ -o "BMP280_calistirma.elf" @"objects.list"   -mcpu=cortex-m3 -T"C:\Users\Gülerizm\Desktop\ali\STM32IDE\BMP280_calistirma\STM32F103C8TX_FLASH.ld" --specs=nosys.specs -Wl,-Map="BMP280_calistirma.map" -Wl,--gc-sections -static -u _printf_float --specs=nano.specs -mfloat-abi=soft -mthumb -Wl,--start-group -lc -lm -lstdc++ -lsupc++ -Wl,--end-group
C:/ST/STM32CubeIDE_1.17.0/STM32CubeIDE/plugins/com.st.stm32cube.ide.mcu.externaltools.gnu-tools-for-stm32.12.3.rel1.win32_1.1.0.202410251130/tools/bin/../lib/gcc/arm-none-eabi/12.3.1/../../../../arm-none-eabi/bin/ld.exe: ./Core/Src/main.o:C:/Users/Gülerizm/Desktop/ali/STM32IDE/BMP280_calistirma/Debug/../Core/Src/main.c:51: multiple definition of `huart1'; ./Core/Src/bmp280.o:C:/Users/Gülerizm/Desktop/ali/STM32IDE/BMP280_calistirma/Debug/../Core/Src/bmp280.c:9: first defined here
collect2.exe: error: ld returned 1 exit status
make: *** [makefile:91: BMP280_calistirma.elf] Error 1
"make -j8 all" terminated with exit code 2. Build might be incomplete.
08:42:10 **** Incremental Build of configuration Debug for project BMP280_calistirma ****
make -j8 all 
arm-none-eabi-gcc "../Core/Src/bmp280.c" -mcpu=cortex-m3 -std=gnu11 -g3 -DDEBUG -DUSE_HAL_DRIVER -DSTM32F103xB -c -I../Core/Inc -I../Drivers/STM32F1xx_HAL_Driver/Inc/Legacy -I../Drivers/STM32F1xx_HAL_Driver/Inc -I../Drivers/CMSIS/Device/ST/STM32F1xx/Include -I../Drivers/CMSIS/Include -O0 -ffunction-sections -fdata-sections -Wall -fstack-usage -fcyclomatic-complexity -MMD -MP -MF"Core/Src/bmp280.d" -MT"Core/Src/bmp280.o" --specs=nano.specs -mfloat-abi=soft -mthumb -o "Core/Src/bmp280.o"
arm-none-eabi-g++ -o "BMP280_calistirma.elf" @"objects.list"   -mcpu=cortex-m3 -T"C:\Users\Gülerizm\Desktop\ali\STM32IDE\BMP280_calistirma\STM32F103C8TX_FLASH.ld" --specs=nosys.specs -Wl,-Map="BMP280_calistirma.map" -Wl,--gc-sections -static -u _printf_float --specs=nano.specs -mfloat-abi=soft -mthumb -Wl,--start-group -lc -lm -lstdc++ -lsupc++ -Wl,--end-group
Finished building target: BMP280_calistirma.elf
 
arm-none-eabi-size  BMP280_calistirma.elf 
arm-none-eabi-objdump -h -S BMP280_calistirma.elf  > "BMP280_calistirma.list"
   text	   data	    bss	    dec	    hex	filename
  26368	    480	   2072	  28920	   70f8	BMP280_calistirma.elf
arm-none-eabi-objcopy  -O ihex BMP280_calistirma.elf  "BMP280_calistirma.hex"
Finished building: default.size.stdout
 
Finished building: BMP280_calistirma.hex
 
Finished building: BMP280_calistirma.list
 
08:43:01 **** Incremental Build of configuration Debug for project BMP280_calistirma ****
make -j8 all 
arm-none-eabi-size  BMP280_calistirma.elf 
   text	   data	    bss	    dec	    hex	filename
  26368	    480	   2072	  28920	   70f8	BMP280_calistirma.elf
Finished building: default.size.stdout
 
08:43:07 **** Incremental Build of configuration Debug for project BMP280_calistirma ****
make -j8 all 
arm-none-eabi-size  BMP280_calistirma.elf 
   text	   data	    bss	    dec	    hex	filename
  26368	    480	   2072	  28920	   70f8	BMP280_calistirma.elf
Finished building: default.size.stdout
 
09:08:55 **** Incremental Build of configuration Debug for project BMP280_calistirma ****
make -j8 all 
arm-none-eabi-size  BMP280_calistirma.elf 
   text	   data	    bss	    dec	    hex	filename
  26368	    480	   2072	  28920	   70f8	BMP280_calistirma.elf
Finished building: default.size.stdout
 
