../Core/Src/main.c:267:6:float_to_big_endian_bytes	1
../Core/Src/main.c:275:6:send_sit_data_package	2
../Core/Src/main.c:330:5:main	5
../Core/Src/main.c:484:6:SystemClock_Config	3
../Core/Src/main.c:524:13:MX_I2C1_Init	2
../Core/Src/main.c:558:13:MX_SPI1_Init	2
../Core/Src/main.c:596:13:MX_TIM1_Init	4
../Core/Src/main.c:643:13:MX_TIM2_Init	4
../Core/Src/main.c:695:13:MX_USART1_UART_Init	2
../Core/Src/main.c:728:13:MX_USART2_UART_Init	2
../Core/Src/main.c:761:13:MX_USART3_UART_Init	2
../Core/Src/main.c:792:13:MX_DMA_Init	1
../Core/Src/main.c:810:13:MX_GPIO_Init	1
../Core/Src/main.c:861:6:HAL_UART_RxCpltCallback	7
../Core/Src/main.c:894:6:check_uart_errors	4
../Core/Src/main.c:907:6:kalman_filter_init	1
../Core/Src/main.c:916:7:kalman_filter_update	1
../Core/Src/main.c:930:6:initialize_kalman_filters	1
../Core/Src/main.c:958:6:set_kalman_responsiveness	2
../Core/Src/main.c:973:6:is_device_stationary	4
../Core/Src/main.c:988:6:adjust_kalman_parameters	5
../Core/Src/main.c:1024:6:initialize_sensors	1
../Core/Src/main.c:1030:6:read_bme280_data	2
../Core/Src/main.c:1047:6:read_accelerometer_data	1
../Core/Src/main.c:1057:6:read_gyroscope_data	1
../Core/Src/main.c:1067:6:mpu9250_read_data	1
../Core/Src/main.c:1077:6:calculate_orientation	14
../Core/Src/main.c:1136:14:clampf	3
../Core/Src/main.c:1142:7:calculate_z_angle	1
../Core/Src/main.c:1152:6:lora_transmit_packet	3
../Core/Src/main.c:1223:6:ParseTelemetryPacket	4
../Core/Src/main.c:1265:6:ProcessIncomingData	8
../Core/Src/main.c:1310:6:UpdateStatusFromTelemetry	17
../Core/Src/main.c:1397:6:UpdateStatusFromLocalSensors	18
../Core/Src/main.c:1484:6:SendStatusMessage	2
../Core/Src/main.c:1504:9:CalculateChecksum	2
../Core/Src/main.c:1512:6:ApplyFiltering	3
../Core/Src/main.c:1532:7:GetFilteredValue	2
../Core/Src/main.c:1540:6:TimerCallback	1
../Core/Src/main.c:1545:6:HAL_UART_TxCpltCallback	1
../Core/Src/main.c:1549:6:ProcessUART1Command	21
../Core/Src/main.c:1653:6:CheckUART1Command	18
../Core/Src/main.c:1727:6:playTone	3
../Core/Src/main.c:1750:6:playMario	2
../Core/Src/main.c:1764:6:Error_Handler	1
