../Core/Src/main.c:152:5:main	8	static,ignoring_inline_asm
../Core/Src/main.c:234:6:SystemClock_Config	72	static
../Core/Src/main.c:274:13:MX_I2C1_Init	8	static
../Core/Src/main.c:308:13:MX_SPI1_Init	8	static
../Core/Src/main.c:346:13:MX_TIM1_Init	40	static
../Core/Src/main.c:393:13:MX_USART1_UART_Init	8	static
../Core/Src/main.c:426:13:MX_USART2_UART_Init	8	static
../Core/Src/main.c:459:13:MX_USART3_UART_Init	8	static
../Core/Src/main.c:490:13:MX_DMA_Init	16	static
../Core/Src/main.c:508:13:MX_GPIO_Init	24	static
../Core/Src/main.c:529:6:ParseTelemetryPacket	48	static
../Core/Src/main.c:579:6:ProcessIncomingData	24	static
../Core/Src/main.c:626:6:HAL_UART_RxCpltCallback	16	static
../Core/Src/main.c:639:6:HAL_UART_TxCpltCallback	16	static
../Core/Src/main.c:658:13:MX_TIM2_Init	32	static
../Core/Src/main.c:691:6:TimerCallback	4	static
../Core/Src/main.c:701:6:HAL_TIM_PeriodElapsedCallback	16	static
../Core/Src/main.c:711:6:UpdateStatusFromTelemetry	32	static
../Core/Src/main.c:788:9:CalculateChecksum	24	static
../Core/Src/main.c:800:6:SendStatusMessage	16	static
../Core/Src/main.c:824:6:ApplyFiltering	4	static
../Core/Src/main.c:846:7:GetFilteredValue	24	static
../Core/Src/main.c:866:6:Error_Handler	4	static,ignoring_inline_asm
