../Core/Src/main.c:170:5:main	176	static
../Core/Src/main.c:313:6:SystemClock_Config	72	static
../Core/Src/main.c:353:13:MX_I2C1_Init	8	static
../Core/Src/main.c:387:13:MX_SPI1_Init	8	static
../Core/Src/main.c:425:13:MX_USART1_UART_Init	8	static
../Core/Src/main.c:458:13:MX_USART2_UART_Init	8	static
../Core/Src/main.c:491:13:MX_USART3_UART_Init	8	static
../Core/Src/main.c:524:13:MX_GPIO_Init	24	static
../Core/Src/main.c:544:6:InitializeGPIO	32	static
../Core/Src/main.c:573:9:CalculateChecksum	24	static
../Core/Src/main.c:588:7:ApplyMovingAverageFilter	24	static
../Core/Src/main.c:605:6:ProcessTelemetryPacket	24	static
../Core/Src/main.c:639:6:ProcessCommandPacket	24	static
../Core/Src/main.c:680:6:UpdateFlightStatus	24	static
../Core/Src/main.c:748:6:DeployDrogueParachute	8	static
../Core/Src/main.c:761:6:DeployMainParachute	8	static
../Core/Src/main.c:774:6:TransmitStatus	16	static
../Core/Src/main.c:807:6:ResetSystem	8	static
../Core/Src/main.c:835:6:HAL_UART_RxCpltCallback	16	static
../Core/Src/main.c:862:6:Error_Handler	4	static,ignoring_inline_asm
