../Core/Src/main.c:175:5:main	64	static
../Core/Src/main.c:295:6:SystemClock_Config	72	static
../Core/Src/main.c:335:13:MX_I2C1_Init	8	static
../Core/Src/main.c:369:13:MX_SPI1_Init	8	static
../Core/Src/main.c:407:13:MX_USART1_UART_Init	8	static
../Core/Src/main.c:440:13:MX_USART2_UART_Init	8	static
../Core/Src/main.c:473:13:MX_USART3_UART_Init	8	static
../Core/Src/main.c:506:13:MX_GPIO_Init	24	static
../Core/Src/main.c:526:6:InitializeGPIO	32	static
../Core/Src/main.c:555:9:CalculateChecksum	24	static
../Core/Src/main.c:570:7:ApplyMovingAverageFilter	24	static
../Core/Src/main.c:587:6:ProcessTelemetryPacket	24	static
../Core/Src/main.c:628:6:ProcessCommandPacket	24	static
../Core/Src/main.c:669:6:UpdateFlightStatus	24	static
../Core/Src/main.c:755:6:DeployDrogueParachute	16	static
../Core/Src/main.c:773:6:DeployMainParachute	16	static
../Core/Src/main.c:790:6:TransmitStatus	16	static
../Core/Src/main.c:823:6:ResetSystem	8	static
../Core/Src/main.c:851:6:HAL_UART_RxCpltCallback	16	static
../Core/Src/main.c:878:6:Error_Handler	4	static,ignoring_inline_asm
