../Core/Src/main.c:108:5:main	400	static,ignoring_inline_asm
../Core/Src/main.c:214:6:SystemClock_Config	72	static
../Core/Src/main.c:254:13:MX_I2C1_Init	8	static
../Core/Src/main.c:288:13:MX_SPI1_Init	8	static
../Core/Src/main.c:326:13:MX_TIM1_Init	40	static
../Core/Src/main.c:373:13:MX_USART1_UART_Init	8	static
../Core/Src/main.c:406:13:MX_GPIO_Init	40	static
../Core/Src/main.c:432:6:ParseTelemetryPacket	48	static
../Core/Src/main.c:478:6:PrintTelemetryData	328	static
../Core/Src/main.c:498:6:TestParseSampleData	88	static
../Core/Src/main.c:519:6:ProcessIncomingData	24	static
../Core/Src/main.c:566:6:HAL_UART_RxCpltCallback	16	static
../Core/Src/main.c:585:13:MX_TIM2_Init	32	static
../Core/Src/main.c:618:6:TimerCallback	8	static
../Core/Src/main.c:634:6:HAL_TIM_PeriodElapsedCallback	16	static
../Core/Src/main.c:646:6:Error_Handler	4	static,ignoring_inline_asm
