../Core/Src/main.c:80:5:main	200	dynamic
../Core/Src/main.c:178:6:SystemClock_Config	72	static
../Core/Src/main.c:215:13:MX_I2C1_Init	8	static
../Core/Src/main.c:249:13:MX_SPI1_Init	8	static
../Core/Src/main.c:287:13:MX_USART1_UART_Init	8	static
../Core/Src/main.c:320:13:MX_USART2_UART_Init	8	static
../Core/Src/main.c:353:13:MX_USART3_UART_Init	8	static
../Core/Src/main.c:386:13:MX_GPIO_Init	32	static
../Core/Src/main.c:413:6:mpu9250_veri	24	static
../Core/Src/main.c:430:6:Error_Handler	4	static,ignoring_inline_asm
