../Core/Src/main.c:96:6:microDelay	2
../Core/Src/main.c:101:9:getHX711	6
../Core/Src/main.c:130:5:weigh	1
../Core/Src/main.c:143:6:data_HX	3
../Core/Src/main.c:161:6:HAL_UART_RxCpltCallback	5
../Core/Src/main.c:182:6:print_gps_debug_info	1
../Core/Src/main.c:194:6:check_uart_errors	4
../Core/Src/main.c:207:5:main	2
../Core/Src/main.c:300:6:initialize_sensors	1
../Core/Src/main.c:306:6:read_bme280_data	1
../Core/Src/main.c:314:6:lora_transmit_packet	2
../Core/Src/main.c:357:6:float_to_big_endian_bytes	1
../Core/Src/main.c:367:6:SystemClock_Config	3
../Core/Src/main.c:397:13:MX_I2C1_Init	2
../Core/Src/main.c:415:13:MX_TIM2_Init	4
../Core/Src/main.c:451:13:MX_USART1_UART_Init	2
../Core/Src/main.c:467:13:MX_USART2_UART_Init	2
../Core/Src/main.c:483:13:MX_USART3_UART_Init	2
../Core/Src/main.c:499:13:MX_GPIO_Init	1
../Core/Src/main.c:533:6:Error_Handler	1
