../Core/Src/main.c:94:6:microDelay	16	static
../Core/Src/main.c:99:9:getHX711	24	static
../Core/Src/main.c:128:5:weigh	32	static
../Core/Src/main.c:141:6:data_HX	8	static
../Core/Src/main.c:159:6:HAL_UART_RxCpltCallback	16	static
../Core/Src/main.c:180:6:print_gps_debug_info	320	static
../Core/Src/main.c:195:6:check_uart_errors	24	static
../Core/Src/main.c:208:5:main	40	static
../Core/Src/main.c:305:6:initialize_sensors	16	static
../Core/Src/main.c:311:6:read_bme280_data	8	static
../Core/Src/main.c:317:6:transmit_sensor_packet	264	dynamic
../Core/Src/main.c:345:6:SystemClock_Config	72	static
../Core/Src/main.c:375:13:MX_I2C1_Init	8	static
../Core/Src/main.c:393:13:MX_TIM2_Init	32	static
../Core/Src/main.c:429:13:MX_USART1_UART_Init	8	static
../Core/Src/main.c:445:13:MX_USART2_UART_Init	8	static
../Core/Src/main.c:461:13:MX_USART3_UART_Init	8	static
../Core/Src/main.c:477:13:MX_GPIO_Init	40	static
../Core/Src/main.c:511:6:Error_Handler	4	static,ignoring_inline_asm
