../Core/Src/main.c:96:6:microDelay	16	static
../Core/Src/main.c:101:9:getHX711	24	static
../Core/Src/main.c:130:5:weigh	32	static
../Core/Src/main.c:143:6:data_HX	8	static
../Core/Src/main.c:161:6:HAL_UART_RxCpltCallback	16	static
../Core/Src/main.c:182:6:print_gps_debug_info	320	static
../Core/Src/main.c:194:6:check_uart_errors	24	static
../Core/Src/main.c:207:5:main	48	static
../Core/Src/main.c:300:6:initialize_sensors	16	static
../Core/Src/main.c:306:6:read_bme280_data	8	static
../Core/Src/main.c:314:6:lora_transmit_packet	88	static
../Core/Src/main.c:357:6:float_to_big_endian_bytes	24	static
../Core/Src/main.c:367:6:SystemClock_Config	72	static
../Core/Src/main.c:397:13:MX_I2C1_Init	8	static
../Core/Src/main.c:415:13:MX_TIM2_Init	32	static
../Core/Src/main.c:451:13:MX_USART1_UART_Init	8	static
../Core/Src/main.c:467:13:MX_USART2_UART_Init	8	static
../Core/Src/main.c:483:13:MX_USART3_UART_Init	8	static
../Core/Src/main.c:499:13:MX_GPIO_Init	40	static
../Core/Src/main.c:533:6:Error_Handler	4	static,ignoring_inline_asm
