../Core/Src/main.c:97:6:microDelay	2
../Core/Src/main.c:102:9:getHX711	6
../Core/Src/main.c:131:5:weigh	1
../Core/Src/main.c:162:6:HAL_UART_RxCpltCallback	5
../Core/Src/main.c:183:6:print_gps_debug_info	1
../Core/Src/main.c:198:6:check_uart_errors	4
../Core/Src/main.c:211:5:main	2
../Core/Src/main.c:293:6:call_weigh	11
../Core/Src/main.c:337:6:initialize_sensors	1
../Core/Src/main.c:343:6:read_bme280_data	1
../Core/Src/main.c:349:6:transmit_sensor_packet	2
../Core/Src/main.c:377:6:SystemClock_Config	3
../Core/Src/main.c:407:13:MX_I2C1_Init	2
../Core/Src/main.c:425:13:MX_TIM2_Init	4
../Core/Src/main.c:461:13:MX_USART1_UART_Init	2
../Core/Src/main.c:477:13:MX_USART2_UART_Init	2
../Core/Src/main.c:493:13:MX_USART3_UART_Init	2
../Core/Src/main.c:509:13:MX_GPIO_Init	1
../Core/Src/main.c:543:6:Error_Handler	1
