../Core/Src/main.c:108:6:float_to_big_endian_bytes	1
../Core/Src/main.c:116:6:send_uart1_data_package	2
../Core/Src/main.c:153:6:HAL_UART_RxCpltCallback	5
../Core/Src/main.c:174:6:print_gps_debug_info	1
../Core/Src/main.c:189:6:check_uart_errors	4
../Core/Src/main.c:202:5:main	2
../Core/Src/main.c:293:6:initialize_sensors	1
../Core/Src/main.c:299:6:read_bme280_data	1
../Core/Src/main.c:306:6:read_accelerometer_data	1
../Core/Src/main.c:316:6:read_gyroscope_data	1
../Core/Src/main.c:326:6:mpu9250_read_data	1
../Core/Src/main.c:336:6:calculate_orientation	3
../Core/Src/main.c:360:15:check_sum_hesapla	2
../Core/Src/main.c:370:6:paket_olustur	1
../Core/Src/main.c:507:6:transmit_sensor_packet	1
../Core/Src/main.c:539:6:SystemClock_Config	3
../Core/Src/main.c:569:13:MX_I2C1_Init	2
../Core/Src/main.c:586:13:MX_SPI1_Init	2
../Core/Src/main.c:605:13:MX_USART1_UART_Init	2
../Core/Src/main.c:621:13:MX_USART2_UART_Init	2
../Core/Src/main.c:637:13:MX_USART3_UART_Init	2
../Core/Src/main.c:653:13:MX_GPIO_Init	1
../Core/Src/main.c:671:6:Error_Handler	1
