../Core/Src/main.c:123:6:float_to_big_endian_bytes	24	static
../Core/Src/main.c:131:6:send_uart1_data_package	72	static
../Core/Src/main.c:168:6:HAL_UART_RxCpltCallback	16	static
../Core/Src/main.c:189:6:print_gps_debug_info	320	static
../Core/Src/main.c:204:6:check_uart_errors	24	static
../Core/Src/main.c:217:6:kalman_filter_init	24	static
../Core/Src/main.c:226:7:kalman_filter_update	40	static
../Core/Src/main.c:240:6:initialize_kalman_filters	8	static
../Core/Src/main.c:268:6:print_kalman_debug_info	416	static
../Core/Src/main.c:284:6:set_kalman_responsiveness	16	static
../Core/Src/main.c:299:6:is_device_stationary	32	static
../Core/Src/main.c:314:6:adjust_kalman_parameters	24	static
../Core/Src/main.c:350:5:main	112	static
../Core/Src/main.c:460:6:initialize_sensors	16	static
../Core/Src/main.c:466:6:read_bme280_data	8	static
../Core/Src/main.c:473:6:read_accelerometer_data	32	static
../Core/Src/main.c:483:6:read_gyroscope_data	32	static
../Core/Src/main.c:493:6:mpu9250_read_data	24	static
../Core/Src/main.c:503:6:calculate_orientation	72	static
../Core/Src/main.c:562:6:transmit_sensor_packet	280	dynamic
../Core/Src/main.c:591:6:SystemClock_Config	72	static
../Core/Src/main.c:621:13:MX_I2C1_Init	8	static
../Core/Src/main.c:638:13:MX_SPI1_Init	8	static
../Core/Src/main.c:657:13:MX_USART1_UART_Init	8	static
../Core/Src/main.c:673:13:MX_USART2_UART_Init	8	static
../Core/Src/main.c:689:13:MX_USART3_UART_Init	8	static
../Core/Src/main.c:705:13:MX_GPIO_Init	40	static
../Core/Src/main.c:723:6:Error_Handler	4	static,ignoring_inline_asm
